08:58:59  INFO    Lista: correosum_parte_03.txt | Total: 463 | Ya enviados: 0 | Pendientes: 463
08:59:01  INFO    Sesion SMTP iniciada.
08:59:01  INFO    [1/463] OK 1240119@alumno.um.edu.mx
08:59:02  INFO    [2/463] OK 1250107@alumno.um.edu.mx
08:59:03  INFO    [3/463] OK 1240570@alumno.um.edu.mx
08:59:04  INFO    [4/463] OK 1180567@alumno.um.edu.mx
08:59:06  INFO    [5/463] OK 1210565@alumno.um.edu.mx
08:59:07  INFO    [6/463] OK 1180140@alumno.um.edu.mx
08:59:08  INFO    [7/463] OK 1180605@alumno.um.edu.mx
08:59:09  INFO    [8/463] OK 1250575@alumno.um.edu.mx
08:59:10  INFO    [9/463] OK 1250644@alumno.um.edu.mx
08:59:11  INFO    [10/463] OK 1240574@alumno.um.edu.mx
08:59:12  INFO    [11/463] OK 1240527@alumno.um.edu.mx
08:59:14  INFO    [12/463] OK 1220792@alumno.um.edu.mx
08:59:15  INFO    [13/463] OK 1180611@alumno.um.edu.mx
08:59:16  INFO    [14/463] OK 1250512@alumno.um.edu.mx
08:59:17  INFO    [15/463] OK 1210124@alumno.um.edu.mx
08:59:19  INFO    [16/463] OK 1250070@alumno.um.edu.mx
08:59:20  INFO    [17/463] OK 1180712@alumno.um.edu.mx
08:59:21  INFO    [18/463] OK 1180536@alumno.um.edu.mx
08:59:22  INFO    [19/463] OK 1180816@alumno.um.edu.mx
08:59:23  INFO    [20/463] OK 1200656@alumno.um.edu.mx
08:59:24  INFO    [21/463] OK 1170647@alumno.um.edu.mx
08:59:25  INFO    [22/463] OK 1190797@alumno.um.edu.mx
08:59:27  INFO    [23/463] OK 1250102@alumno.um.edu.mx
08:59:28  INFO    [24/463] OK 1250011@alumno.um.edu.mx
08:59:29  INFO    [25/463] OK 1220084@alumno.um.edu.mx
08:59:30  INFO    [26/463] OK 1210372@alumno.um.edu.mx
08:59:31  INFO    [27/463] OK 1250442@alumno.um.edu.mx
08:59:32  INFO    [28/463] OK 1230078@alumno.um.edu.mx
08:59:33  INFO    [29/463] OK 1250573@alumno.um.edu.mx
08:59:35  INFO    [30/463] OK 1250565@alumno.um.edu.mx
08:59:36  INFO    [31/463] OK 1220808@alumno.um.edu.mx
08:59:37  INFO    [32/463] OK 1240417@alumno.um.edu.mx
08:59:38  INFO    [33/463] OK 1250017@alumno.um.edu.mx
08:59:39  INFO    [34/463] OK 1250412@alumno.um.edu.mx
08:59:40  INFO    [35/463] OK 1230664@alumno.um.edu.mx
08:59:41  INFO    [36/463] OK 1230358@alumno.um.edu.mx
08:59:42  INFO    [37/463] OK 1250455@alumno.um.edu.mx
08:59:43  INFO    [38/463] OK 1050644@alumno.um.edu.mx
08:59:45  INFO    [39/463] OK 1240633@alumno.um.edu.mx
08:59:46  INFO    [40/463] OK 1250658@alumno.um.edu.mx
08:59:47  INFO    [41/463] OK 1250657@alumno.um.edu.mx
08:59:48  INFO    [42/463] OK 1250047@alumno.um.edu.mx
08:59:49  INFO    [43/463] OK 1240720@alumno.um.edu.mx
08:59:51  INFO    [44/463] OK 1250664@alumno.um.edu.mx
08:59:52  INFO    [45/463] OK 1250529@alumno.um.edu.mx
08:59:53  INFO    [46/463] OK 1240151@alumno.um.edu.mx
08:59:54  INFO    [47/463] OK 1250665@alumno.um.edu.mx
08:59:55  INFO    [48/463] OK 1250504@alumno.um.edu.mx
08:59:56  INFO    [49/463] OK 1240699@alumno.um.edu.mx
08:59:57  INFO    [50/463] OK 1250426@alumno.um.edu.mx
08:59:59  INFO    [51/463] OK 1240602@alumno.um.edu.mx
09:00:00  INFO    [52/463] OK 1210082@alumno.um.edu.mx
09:00:01  INFO    [53/463] OK 1250236@alumno.um.edu.mx
09:00:02  INFO    [54/463] OK 1250241@alumno.um.edu.mx
09:00:03  INFO    [55/463] OK 1250422@alumno.um.edu.mx
09:00:04  INFO    [56/463] OK 1250254@alumno.um.edu.mx
09:00:06  INFO    [57/463] OK 1230102@alumno.um.edu.mx
09:00:07  INFO    [58/463] OK 1250250@alumno.um.edu.mx
09:00:08  INFO    [59/463] OK 1250547@alumno.um.edu.mx
09:00:09  INFO    [60/463] OK 1220745@alumno.um.edu.mx
09:00:10  INFO    [61/463] OK 1250608@alumno.um.edu.mx
09:00:12  INFO    [62/463] OK 1240233@alumno.um.edu.mx
09:00:13  INFO    [63/463] OK 1250237@alumno.um.edu.mx
09:00:14  INFO    [64/463] OK 1250246@alumno.um.edu.mx
09:00:15  INFO    [65/463] OK 1250445@alumno.um.edu.mx
09:00:16  INFO    [66/463] OK 1230435@alumno.um.edu.mx
09:00:17  INFO    [67/463] OK 1190514@alumno.um.edu.mx
09:00:18  INFO    [68/463] OK 1170557@alumno.um.edu.mx
09:00:19  INFO    [69/463] OK 1250223@alumno.um.edu.mx
09:00:21  INFO    [70/463] OK 1250253@alumno.um.edu.mx
09:00:22  INFO    [71/463] OK 1250225@alumno.um.edu.mx
09:00:23  INFO    [72/463] OK 1240650@alumno.um.edu.mx
09:00:24  INFO    [73/463] OK 1250312@alumno.um.edu.mx
09:00:25  INFO    [74/463] OK 1230225@alumno.um.edu.mx
09:00:26  INFO    [75/463] OK 1250167@alumno.um.edu.mx
09:00:28  INFO    [76/463] OK 1250084@alumno.um.edu.mx
09:00:29  INFO    [77/463] OK 1240565@alumno.um.edu.mx
09:00:30  INFO    [78/463] OK 1240533@alumno.um.edu.mx
09:00:31  INFO    [79/463] OK 1250103@alumno.um.edu.mx
09:00:32  INFO    [80/463] OK 1230087@alumno.um.edu.mx
09:00:33  INFO    Reconectando SMTP (correo #81)...
09:00:35  INFO    [81/463] OK 1250432@alumno.um.edu.mx
09:00:36  INFO    [82/463] OK 1070724@alumno.um.edu.mx
09:00:37  INFO    [83/463] OK 1250279@alumno.um.edu.mx
09:00:38  INFO    [84/463] OK 1250280@alumno.um.edu.mx
09:00:40  INFO    [85/463] OK 1230098@alumno.um.edu.mx
09:00:41  INFO    [86/463] OK 1170531@alumno.um.edu.mx
09:00:42  INFO    [87/463] OK 1220503@alumno.um.edu.mx
09:00:43  INFO    [88/463] OK 1240267@alumno.um.edu.mx
09:00:44  INFO    [89/463] OK 1230369@alumno.um.edu.mx
09:00:45  INFO    [90/463] OK 1240295@alumno.um.edu.mx
09:00:47  INFO    [91/463] OK 1210373@alumno.um.edu.mx
09:00:48  INFO    [92/463] OK 1180658@alumno.um.edu.mx
09:00:49  INFO    [93/463] OK 1240073@alumno.um.edu.mx
09:00:50  INFO    [94/463] OK 1230748@alumno.um.edu.mx
09:00:51  INFO    [95/463] OK 1190621@alumno.um.edu.mx
09:00:52  INFO    [96/463] OK 1250325@alumno.um.edu.mx
09:00:53  INFO    [97/463] OK 1250281@alumno.um.edu.mx
09:00:55  INFO    [98/463] OK 1230475@alumno.um.edu.mx
09:00:56  INFO    [99/463] OK 1230177@alumno.um.edu.mx
09:00:57  INFO    [100/463] OK 1230785@alumno.um.edu.mx
09:00:58  INFO    [101/463] OK 1220212@alumno.um.edu.mx
09:00:59  INFO    [102/463] OK 1220394@alumno.um.edu.mx
09:01:00  INFO    [103/463] OK 1240193@alumno.um.edu.mx
09:01:01  INFO    [104/463] OK 1210463@alumno.um.edu.mx
09:01:02  INFO    [105/463] OK 1230368@alumno.um.edu.mx
09:01:04  INFO    [106/463] OK 1250358@alumno.um.edu.mx
09:01:05  INFO    [107/463] OK 1190559@alumno.um.edu.mx
09:01:06  INFO    [108/463] OK 1240266@alumno.um.edu.mx
09:01:07  INFO    [109/463] OK 1210089@alumno.um.edu.mx
09:01:08  INFO    [110/463] OK 1170176@alumno.um.edu.mx
09:01:09  INFO    [111/463] OK 1220459@alumno.um.edu.mx
09:01:10  INFO    [112/463] OK 1240517@alumno.um.edu.mx
09:01:12  INFO    [113/463] OK 1160429@alumno.um.edu.mx
09:01:13  INFO    [114/463] OK 1220299@alumno.um.edu.mx
09:01:14  INFO    [115/463] OK 1250174@alumno.um.edu.mx
09:01:15  INFO    [116/463] OK 1220430@alumno.um.edu.mx
09:01:16  INFO    [117/463] OK 1220796@alumno.um.edu.mx
09:01:17  INFO    [118/463] OK 1250109@alumno.um.edu.mx
09:01:18  INFO    [119/463] OK 1240265@alumno.um.edu.mx
09:01:20  INFO    [120/463] OK 1210407@alumno.um.edu.mx
09:01:21  INFO    [121/463] OK 1220065@alumno.um.edu.mx
09:01:22  INFO    [122/463] OK 1230510@alumno.um.edu.mx
09:01:23  INFO    [123/463] OK 1210289@alumno.um.edu.mx
09:01:24  INFO    [124/463] OK 1180678@alumno.um.edu.mx
09:01:25  INFO    [125/463] OK 1230240@alumno.um.edu.mx
09:01:27  INFO    [126/463] OK 1210336@alumno.um.edu.mx
09:01:28  INFO    [127/463] OK 1230264@alumno.um.edu.mx
09:01:29  INFO    [128/463] OK 1250359@alumno.um.edu.mx
09:01:30  INFO    [129/463] OK 1250638@alumno.um.edu.mx
09:01:31  INFO    [130/463] OK 1220726@alumno.um.edu.mx
09:01:32  INFO    [131/463] OK 1210338@alumno.um.edu.mx
09:01:33  INFO    [132/463] OK 1250140@alumno.um.edu.mx
09:01:35  INFO    [133/463] OK 1170204@alumno.um.edu.mx
09:01:36  INFO    [134/463] OK 1250108@alumno.um.edu.mx
09:01:37  INFO    [135/463] OK 1230095@alumno.um.edu.mx
09:01:38  INFO    [136/463] OK 1210148@alumno.um.edu.mx
09:01:39  INFO    [137/463] OK 1220600@alumno.um.edu.mx
09:01:40  INFO    [138/463] OK 1200530@alumno.um.edu.mx
09:01:41  INFO    [139/463] OK 1190630@alumno.um.edu.mx
09:01:42  INFO    [140/463] OK 1230153@alumno.um.edu.mx
09:01:44  INFO    [141/463] OK 1220867@alumno.um.edu.mx
09:01:45  INFO    [142/463] OK 1220482@alumno.um.edu.mx
09:01:46  INFO    [143/463] OK 1250397@alumno.um.edu.mx
09:01:47  INFO    [144/463] OK 1250175@alumno.um.edu.mx
09:01:48  INFO    [145/463] OK 1170938@alumno.um.edu.mx
09:01:49  INFO    [146/463] OK 1220546@alumno.um.edu.mx
09:01:51  INFO    [147/463] OK 1240104@alumno.um.edu.mx
09:01:52  INFO    [148/463] OK 1230671@alumno.um.edu.mx
09:01:53  INFO    [149/463] OK 1240571@alumno.um.edu.mx
09:01:54  INFO    [150/463] OK 1230238@alumno.um.edu.mx
09:01:55  INFO    [151/463] OK 1250464@alumno.um.edu.mx
09:01:56  INFO    [152/463] OK 1200410@alumno.um.edu.mx
09:01:58  INFO    [153/463] OK 1180421@alumno.um.edu.mx
09:01:59  INFO    [154/463] OK 1210267@alumno.um.edu.mx
09:02:00  INFO    [155/463] OK 1240294@alumno.um.edu.mx
09:02:01  INFO    [156/463] OK 1160333@alumno.um.edu.mx
09:02:03  INFO    [157/463] OK 1240367@alumno.um.edu.mx
09:02:04  INFO    [158/463] OK 1220542@alumno.um.edu.mx
09:02:05  INFO    [159/463] OK 1220541@alumno.um.edu.mx
09:02:06  INFO    [160/463] OK 1230524@alumno.um.edu.mx
09:02:07  INFO    Reconectando SMTP (correo #161)...
09:02:09  INFO    [161/463] OK 1220552@alumno.um.edu.mx
09:02:10  INFO    [162/463] OK 1220169@alumno.um.edu.mx
09:02:11  INFO    [163/463] OK 1210224@alumno.um.edu.mx
09:02:12  INFO    [164/463] OK 1190619@alumno.um.edu.mx
09:02:14  INFO    [165/463] OK 1210270@alumno.um.edu.mx
09:02:15  INFO    [166/463] OK 1250251@alumno.um.edu.mx
09:02:16  INFO    [167/463] OK 1210353@alumno.um.edu.mx
09:02:17  INFO    [168/463] OK 1240331@alumno.um.edu.mx
09:02:18  INFO    [169/463] OK 1240074@alumno.um.edu.mx
09:02:20  INFO    [170/463] OK 1190080@alumno.um.edu.mx
09:02:21  INFO    [171/463] OK 1190483@alumno.um.edu.mx
09:02:23  INFO    [172/463] OK 1210209@alumno.um.edu.mx
09:02:24  INFO    [173/463] OK 1230784@alumno.um.edu.mx
09:02:25  INFO    [174/463] OK 1250460@alumno.um.edu.mx
09:02:26  INFO    [175/463] OK 1250348@alumno.um.edu.mx
09:02:27  INFO    [176/463] OK 1200361@alumno.um.edu.mx
09:02:28  INFO    [177/463] OK 1190432@alumno.um.edu.mx
09:02:30  INFO    [178/463] OK 1200411@alumno.um.edu.mx
09:02:31  INFO    [179/463] OK 1250580@alumno.um.edu.mx
09:02:32  INFO    [180/463] OK 1220679@alumno.um.edu.mx
09:02:34  INFO    [181/463] OK 1200550@alumno.um.edu.mx
09:02:35  INFO    [182/463] OK 1240425@alumno.um.edu.mx
09:02:36  INFO    [183/463] OK 1240327@alumno.um.edu.mx
09:02:37  INFO    [184/463] OK 1190887@alumno.um.edu.mx
09:02:38  INFO    [185/463] OK 1210515@alumno.um.edu.mx
09:02:39  INFO    [186/463] OK 1220903@alumno.um.edu.mx
09:02:40  INFO    [187/463] OK 1240412@alumno.um.edu.mx
09:02:42  INFO    [188/463] OK 1230708@alumno.um.edu.mx
09:02:43  INFO    [189/463] OK 1230372@alumno.um.edu.mx
09:02:44  INFO    [190/463] OK 1230394@alumno.um.edu.mx
09:02:45  INFO    [191/463] OK 1240325@alumno.um.edu.mx
09:02:46  INFO    [192/463] OK 1240504@alumno.um.edu.mx
09:02:47  INFO    [193/463] OK 1200574@alumno.um.edu.mx
09:02:48  INFO    [194/463] OK 1220611@alumno.um.edu.mx
09:02:49  INFO    [195/463] OK 1230217@alumno.um.edu.mx
09:02:51  INFO    [196/463] OK 1250589@alumno.um.edu.mx
09:02:52  INFO    [197/463] OK 1180705@alumno.um.edu.mx
09:02:53  INFO    [198/463] OK 1240219@alumno.um.edu.mx
09:02:54  INFO    [199/463] OK 1150462@alumno.um.edu.mx
09:02:55  INFO    [200/463] OK 1210377@alumno.um.edu.mx
09:02:56  INFO    [201/463] OK 1240166@alumno.um.edu.mx
09:02:58  INFO    [202/463] OK 1250347@alumno.um.edu.mx
09:02:59  INFO    [203/463] OK 1190875@alumno.um.edu.mx
09:03:00  INFO    [204/463] OK 1220640@alumno.um.edu.mx
09:03:01  INFO    [205/463] OK 1220470@alumno.um.edu.mx
09:03:02  INFO    [206/463] OK 1220556@alumno.um.edu.mx
09:03:03  INFO    [207/463] OK 1190412@alumno.um.edu.mx
09:03:05  INFO    [208/463] OK 1200425@alumno.um.edu.mx
09:03:06  INFO    [209/463] OK 1190429@alumno.um.edu.mx
09:03:07  INFO    [210/463] OK 1181148@alumno.um.edu.mx
09:03:08  INFO    [211/463] OK 1200497@alumno.um.edu.mx
09:03:09  INFO    [212/463] OK 1190845@alumno.um.edu.mx
09:03:10  INFO    [213/463] OK 1220519@alumno.um.edu.mx
09:03:11  INFO    [214/463] OK 1230705@alumno.um.edu.mx
09:03:12  INFO    [215/463] OK 1220378@alumno.um.edu.mx
09:03:14  INFO    [216/463] OK 1230352@alumno.um.edu.mx
09:03:15  INFO    [217/463] OK 1190704@alumno.um.edu.mx
09:03:17  INFO    [218/463] OK 1220509@alumno.um.edu.mx
09:03:18  INFO    [219/463] OK 1220515@alumno.um.edu.mx
09:03:19  INFO    [220/463] OK 1190348@alumno.um.edu.mx
09:03:20  INFO    [221/463] OK 1200376@alumno.um.edu.mx
09:03:21  INFO    [222/463] OK 1170040@alumno.um.edu.mx
09:03:22  INFO    [223/463] OK 1200309@alumno.um.edu.mx
09:03:23  INFO    [224/463] OK 1210495@alumno.um.edu.mx
09:03:24  INFO    [225/463] OK 1230509@alumno.um.edu.mx
09:03:26  INFO    [226/463] OK 1190370@alumno.um.edu.mx
09:03:27  INFO    [227/463] OK 1220558@alumno.um.edu.mx
09:03:28  INFO    [228/463] OK 1240338@alumno.um.edu.mx
09:03:29  INFO    [229/463] OK 1170879@alumno.um.edu.mx
09:03:30  INFO    [230/463] OK 1210074@alumno.um.edu.mx
09:03:31  INFO    [231/463] OK 1210107@alumno.um.edu.mx
09:03:32  INFO    [232/463] OK 1110183@alumno.um.edu.mx
09:03:33  INFO    [233/463] OK 1190453@alumno.um.edu.mx
09:03:35  INFO    [234/463] OK 1210399@alumno.um.edu.mx
09:03:36  INFO    [235/463] OK 1160794@alumno.um.edu.mx
09:03:37  INFO    [236/463] OK 1250345@alumno.um.edu.mx
09:03:38  INFO    [237/463] OK 1230331@alumno.um.edu.mx
09:03:39  INFO    [238/463] OK 1230234@alumno.um.edu.mx
09:03:40  INFO    [239/463] OK 1220791@alumno.um.edu.mx
09:03:41  INFO    [240/463] OK 1210321@alumno.um.edu.mx
09:03:42  INFO    Reconectando SMTP (correo #241)...
09:03:49  INFO    [241/463] OK 1200489@alumno.um.edu.mx
09:03:50  INFO    [242/463] OK 1180851@alumno.um.edu.mx
09:03:51  INFO    [243/463] OK 1190509@alumno.um.edu.mx
09:03:52  INFO    [244/463] OK 1200222@alumno.um.edu.mx
09:03:54  INFO    [245/463] OK 1180099@alumno.um.edu.mx
09:03:55  INFO    [246/463] OK 1200332@alumno.um.edu.mx
09:03:56  INFO    [247/463] OK 1200246@alumno.um.edu.mx
09:03:57  INFO    [248/463] OK 1180269@alumno.um.edu.mx
09:03:58  INFO    [249/463] OK 1200358@alumno.um.edu.mx
09:03:59  INFO    [250/463] OK 1200243@alumno.um.edu.mx
09:04:01  INFO    [251/463] OK 1220213@alumno.um.edu.mx
09:04:02  INFO    [252/463] OK 1230823@alumno.um.edu.mx
09:04:03  INFO    [253/463] OK 1230333@alumno.um.edu.mx
09:04:04  INFO    [254/463] OK 1210202@alumno.um.edu.mx
09:04:05  INFO    [255/463] OK 1190846@alumno.um.edu.mx
09:04:06  INFO    [256/463] OK 1180751@alumno.um.edu.mx
09:04:07  INFO    [257/463] OK 1220623@alumno.um.edu.mx
09:04:08  INFO    [258/463] OK 1230539@alumno.um.edu.mx
09:04:10  INFO    [259/463] OK 1200496@alumno.um.edu.mx
09:04:11  INFO    [260/463] OK 1240297@alumno.um.edu.mx
09:04:12  INFO    [261/463] OK 1240503@alumno.um.edu.mx
09:04:13  INFO    [262/463] OK 1230594@alumno.um.edu.mx
09:04:14  INFO    [263/463] OK 1240155@alumno.um.edu.mx
09:04:15  INFO    [264/463] OK 1230374@alumno.um.edu.mx
09:04:16  INFO    [265/463] OK 1250185@alumno.um.edu.mx
09:04:17  INFO    [266/463] OK 1220235@alumno.um.edu.mx
09:04:19  INFO    [267/463] OK 1190448@alumno.um.edu.mx
09:04:20  INFO    [268/463] OK 1230523@alumno.um.edu.mx
09:04:21  INFO    [269/463] OK 1210426@alumno.um.edu.mx
09:04:22  INFO    [270/463] OK 1240403@alumno.um.edu.mx
09:04:23  INFO    [271/463] OK 1240196@alumno.um.edu.mx
09:04:24  INFO    [272/463] OK 1220381@alumno.um.edu.mx
09:04:26  INFO    [273/463] OK 1250392@alumno.um.edu.mx
09:04:27  INFO    [274/463] OK 1230216@alumno.um.edu.mx
09:04:28  INFO    [275/463] OK 1230233@alumno.um.edu.mx
09:04:29  INFO    [276/463] OK 1200575@alumno.um.edu.mx
09:04:30  INFO    [277/463] OK 1150612@alumno.um.edu.mx
09:04:31  INFO    [278/463] OK 1200244@alumno.um.edu.mx
09:04:33  INFO    [279/463] OK 1070111@alumno.um.edu.mx
09:04:34  INFO    [280/463] OK 1190522@alumno.um.edu.mx
09:04:35  INFO    [281/463] OK 1230822@alumno.um.edu.mx
09:04:36  INFO    [282/463] OK 1250356@alumno.um.edu.mx
09:04:37  INFO    [283/463] OK 1230152@alumno.um.edu.mx
09:04:38  INFO    [284/463] OK 1250514@alumno.um.edu.mx
09:04:40  INFO    [285/463] OK 1230119@alumno.um.edu.mx
09:04:41  INFO    [286/463] OK 1180482@alumno.um.edu.mx
09:04:42  INFO    [287/463] OK 1220639@alumno.um.edu.mx
09:04:43  INFO    [288/463] OK 1210292@alumno.um.edu.mx
09:04:44  INFO    [289/463] OK 1210182@alumno.um.edu.mx
09:04:46  INFO    [290/463] OK 1250459@alumno.um.edu.mx
09:04:47  INFO    [291/463] OK 1230655@alumno.um.edu.mx
09:04:48  INFO    [292/463] OK 1180444@alumno.um.edu.mx
09:04:49  INFO    [293/463] OK 1220557@alumno.um.edu.mx
09:04:50  INFO    [294/463] OK 1220388@alumno.um.edu.mx
09:04:51  INFO    [295/463] OK 1200306@alumno.um.edu.mx
09:04:53  INFO    [296/463] OK 1180166@alumno.um.edu.mx
09:04:54  INFO    [297/463] OK 1200360@alumno.um.edu.mx
09:04:55  INFO    [298/463] OK 1200119@alumno.um.edu.mx
09:04:56  INFO    [299/463] OK 1210304@alumno.um.edu.mx
09:04:57  INFO    [300/463] OK 1220559@alumno.um.edu.mx
09:04:58  INFO    [301/463] OK 1230323@alumno.um.edu.mx
09:04:59  INFO    [302/463] OK 1220506@alumno.um.edu.mx
09:05:01  INFO    [303/463] OK 1190857@alumno.um.edu.mx
09:05:02  INFO    [304/463] OK 1200241@alumno.um.edu.mx
09:05:03  INFO    [305/463] OK 1230482@alumno.um.edu.mx
09:05:04  INFO    [306/463] OK 1190532@alumno.um.edu.mx
09:05:05  INFO    [307/463] OK 1210273@alumno.um.edu.mx
09:05:06  INFO    [308/463] OK 1250372@alumno.um.edu.mx
09:05:08  INFO    [309/463] OK 1240395@alumno.um.edu.mx
09:05:09  INFO    [310/463] OK 1250164@alumno.um.edu.mx
09:05:10  INFO    [311/463] OK 1230228@alumno.um.edu.mx
09:05:11  INFO    [312/463] OK 1230367@alumno.um.edu.mx
09:05:13  INFO    [313/463] OK 1250199@alumno.um.edu.mx
09:05:14  INFO    [314/463] OK 1210371@alumno.um.edu.mx
09:05:15  INFO    [315/463] OK 1230387@alumno.um.edu.mx
09:05:16  INFO    [316/463] OK 1250639@alumno.um.edu.mx
09:05:17  INFO    [317/463] OK 1150701@alumno.um.edu.mx
09:05:18  INFO    [318/463] OK 1240239@alumno.um.edu.mx
09:05:19  INFO    [319/463] OK 1210291@alumno.um.edu.mx
09:05:20  INFO    [320/463] OK 1190120@alumno.um.edu.mx
09:05:21  INFO    Reconectando SMTP (correo #321)...
09:05:23  INFO    [321/463] OK 1061026@alumno.um.edu.mx
09:05:24  INFO    [322/463] OK 1190847@alumno.um.edu.mx
09:05:25  INFO    [323/463] OK 1250380@alumno.um.edu.mx
09:05:27  INFO    [324/463] OK 1180845@alumno.um.edu.mx
09:05:28  INFO    [325/463] OK 1230542@alumno.um.edu.mx
09:05:29  INFO    [326/463] OK 1240292@alumno.um.edu.mx
09:05:30  INFO    [327/463] OK 1180679@alumno.um.edu.mx
09:05:31  INFO    [328/463] OK 1100061@alumno.um.edu.mx
09:05:32  INFO    [329/463] OK 1180815@alumno.um.edu.mx
09:05:34  INFO    [330/463] OK 1230151@alumno.um.edu.mx
09:05:35  INFO    [331/463] OK 1250495@alumno.um.edu.mx
09:05:36  INFO    [332/463] OK 1240197@alumno.um.edu.mx
09:05:37  INFO    [333/463] OK 1230309@alumno.um.edu.mx
09:05:38  INFO    [334/463] OK 1240192@alumno.um.edu.mx
09:05:39  INFO    [335/463] OK 1240396@alumno.um.edu.mx
09:05:41  INFO    [336/463] OK 1250088@alumno.um.edu.mx
09:05:42  INFO    [337/463] OK 1230819@alumno.um.edu.mx
09:05:43  INFO    [338/463] OK 1230204@alumno.um.edu.mx
09:05:44  INFO    [339/463] OK 1200421@alumno.um.edu.mx
09:05:46  INFO    [340/463] OK 1230602@alumno.um.edu.mx
09:05:47  INFO    [341/463] OK 1230650@alumno.um.edu.mx
09:05:48  INFO    [342/463] OK 1240362@alumno.um.edu.mx
09:05:49  INFO    [343/463] OK 1230662@alumno.um.edu.mx
09:05:50  INFO    [344/463] OK 1180552@alumno.um.edu.mx
09:05:51  INFO    [345/463] OK 1220226@alumno.um.edu.mx
09:05:53  INFO    [346/463] OK 1250143@alumno.um.edu.mx
09:05:54  INFO    [347/463] OK 1240363@alumno.um.edu.mx
09:05:55  INFO    [348/463] OK 1240089@alumno.um.edu.mx
09:05:56  INFO    [349/463] OK 1200031@alumno.um.edu.mx
09:05:57  INFO    [350/463] OK 1230709@alumno.um.edu.mx
09:05:58  INFO    [351/463] OK 1240282@alumno.um.edu.mx
09:05:59  INFO    [352/463] OK 1210299@alumno.um.edu.mx
09:06:00  INFO    [353/463] OK 1230261@alumno.um.edu.mx
09:06:02  INFO    [354/463] OK 1250394@alumno.um.edu.mx
09:06:03  INFO    [355/463] OK 1220645@alumno.um.edu.mx
09:06:04  INFO    [356/463] OK 1180511@alumno.um.edu.mx
09:06:05  INFO    [357/463] OK 1170512@alumno.um.edu.mx
09:06:06  INFO    [358/463] OK 1220270@alumno.um.edu.mx
09:06:07  INFO    [359/463] OK 1200223@alumno.um.edu.mx
09:06:09  INFO    [360/463] OK 1240069@alumno.um.edu.mx
09:06:10  INFO    [361/463] OK 1250142@alumno.um.edu.mx
09:06:11  INFO    [362/463] OK 1210602@alumno.um.edu.mx
09:06:12  INFO    [363/463] OK 1240200@alumno.um.edu.mx
09:06:13  INFO    [364/463] OK 1250474@alumno.um.edu.mx
09:06:14  INFO    [365/463] OK 1230187@alumno.um.edu.mx
09:06:15  INFO    [366/463] OK 1220232@alumno.um.edu.mx
09:06:17  INFO    [367/463] OK 1230402@alumno.um.edu.mx
09:06:18  INFO    [368/463] OK 1250408@alumno.um.edu.mx
09:06:19  INFO    [369/463] OK 1230533@alumno.um.edu.mx
09:06:20  INFO    [370/463] OK 1210149@alumno.um.edu.mx
09:06:21  INFO    [371/463] OK 1240156@alumno.um.edu.mx
09:06:22  INFO    [372/463] OK 1190589@alumno.um.edu.mx
09:06:23  INFO    [373/463] OK 1240234@alumno.um.edu.mx
09:06:25  INFO    [374/463] OK 1200233@alumno.um.edu.mx
09:06:26  INFO    [375/463] OK 1250484@alumno.um.edu.mx
09:06:27  INFO    [376/463] OK 1250630@alumno.um.edu.mx
09:06:28  INFO    [377/463] OK 1220520@alumno.um.edu.mx
09:06:29  INFO    [378/463] OK 1200199@alumno.um.edu.mx
09:06:30  INFO    [379/463] OK 1250041@alumno.um.edu.mx
09:06:32  INFO    [380/463] OK 1240181@alumno.um.edu.mx
09:06:33  INFO    [381/463] OK 1180831@alumno.um.edu.mx
09:06:34  INFO    [382/463] OK 1230652@alumno.um.edu.mx
09:06:35  INFO    [383/463] OK 1190118@alumno.um.edu.mx
09:06:36  INFO    [384/463] OK 1190686@alumno.um.edu.mx
09:06:37  INFO    [385/463] OK 1220670@alumno.um.edu.mx
09:06:39  INFO    [386/463] OK 1210388@alumno.um.edu.mx
09:06:40  INFO    [387/463] OK 1250507@alumno.um.edu.mx
09:06:41  INFO    [388/463] OK 1250048@alumno.um.edu.mx
09:06:42  INFO    [389/463] OK 1250629@alumno.um.edu.mx
09:06:43  INFO    [390/463] OK 1160590@alumno.um.edu.mx
09:06:44  INFO    [391/463] OK 1240721@alumno.um.edu.mx
09:06:45  INFO    [392/463] OK 1200736@alumno.um.edu.mx
09:06:47  INFO    [393/463] OK 1210132@alumno.um.edu.mx
09:06:48  INFO    [394/463] OK 1210084@alumno.um.edu.mx
09:06:49  INFO    [395/463] OK 1210408@alumno.um.edu.mx
09:06:50  INFO    [396/463] OK 1180272@alumno.um.edu.mx
09:06:51  INFO    [397/463] OK 1220250@alumno.um.edu.mx
09:06:52  INFO    [398/463] OK 1190306@alumno.um.edu.mx
09:06:53  INFO    [399/463] OK 1240023@alumno.um.edu.mx
09:06:54  INFO    [400/463] OK 1180861@alumno.um.edu.mx
09:06:55  INFO    Reconectando SMTP (correo #401)...
09:06:57  INFO    [401/463] OK 1240109@alumno.um.edu.mx
09:06:58  INFO    [402/463] OK 1210330@alumno.um.edu.mx
09:07:00  INFO    [403/463] OK 1220703@alumno.um.edu.mx
09:07:01  INFO    [404/463] OK 1240182@alumno.um.edu.mx
09:07:02  INFO    [405/463] OK 1240198@alumno.um.edu.mx
09:07:03  INFO    [406/463] OK 1230397@alumno.um.edu.mx
09:07:04  INFO    [407/463] OK 1240187@alumno.um.edu.mx
09:07:05  INFO    [408/463] OK 1230278@alumno.um.edu.mx
09:07:07  INFO    [409/463] OK 1220444@alumno.um.edu.mx
09:07:08  INFO    [410/463] OK 1220789@alumno.um.edu.mx
09:07:09  INFO    [411/463] OK 1210591@alumno.um.edu.mx
09:07:10  INFO    [412/463] OK 1210302@alumno.um.edu.mx
09:07:11  INFO    [413/463] OK 1230298@alumno.um.edu.mx
09:07:12  INFO    [414/463] OK 1250119@alumno.um.edu.mx
09:07:13  INFO    [415/463] OK 1230817@alumno.um.edu.mx
09:07:14  INFO    [416/463] OK 1230211@alumno.um.edu.mx
09:07:16  INFO    [417/463] OK 1250559@alumno.um.edu.mx
09:07:17  INFO    [418/463] OK 1220170@alumno.um.edu.mx
09:07:18  INFO    [419/463] OK 1220813@alumno.um.edu.mx
09:07:19  INFO    [420/463] OK 1240498@alumno.um.edu.mx
09:07:20  INFO    [421/463] OK 1210268@alumno.um.edu.mx
09:07:21  INFO    [422/463] OK 1220070@alumno.um.edu.mx
09:07:22  INFO    [423/463] OK 1160936@alumno.um.edu.mx
09:07:23  INFO    [424/463] OK 1250209@alumno.um.edu.mx
09:07:25  INFO    [425/463] OK 1240647@alumno.um.edu.mx
09:07:26  INFO    [426/463] OK 1220127@alumno.um.edu.mx
09:07:27  INFO    [427/463] OK 1190892@alumno.um.edu.mx
09:07:28  INFO    [428/463] OK 1240160@alumno.um.edu.mx
09:07:29  INFO    [429/463] OK 1210566@alumno.um.edu.mx
09:07:30  INFO    [430/463] OK 1250500@alumno.um.edu.mx
09:07:31  INFO    [431/463] OK 1230490@alumno.um.edu.mx
09:07:32  INFO    [432/463] OK 1220171@alumno.um.edu.mx
09:07:34  INFO    [433/463] OK 1220563@alumno.um.edu.mx
09:07:35  INFO    [434/463] OK 1240229@alumno.um.edu.mx
09:07:36  INFO    [435/463] OK 1240495@alumno.um.edu.mx
09:07:37  INFO    [436/463] OK 1230205@alumno.um.edu.mx
09:07:38  INFO    [437/463] OK 1250156@alumno.um.edu.mx
09:07:39  INFO    [438/463] OK 1230313@alumno.um.edu.mx
09:07:40  INFO    [439/463] OK 1220177@alumno.um.edu.mx
09:07:42  INFO    [440/463] OK 1200387@alumno.um.edu.mx
09:07:43  INFO    [441/463] OK 1250566@alumno.um.edu.mx
09:07:44  INFO    [442/463] OK 1230197@alumno.um.edu.mx
09:07:46  INFO    [443/463] OK 1230353@alumno.um.edu.mx
09:07:47  INFO    [444/463] OK 1220875@alumno.um.edu.mx
09:07:48  INFO    [445/463] OK 1240715@alumno.um.edu.mx
09:07:49  INFO    [446/463] OK 1180667@alumno.um.edu.mx
09:07:50  INFO    [447/463] OK 1220549@alumno.um.edu.mx
09:07:51  INFO    [448/463] OK 1240463@alumno.um.edu.mx
09:07:53  INFO    [449/463] OK 1220044@alumno.um.edu.mx
09:07:54  INFO    [450/463] OK 1160757@alumno.um.edu.mx
09:07:55  INFO    [451/463] OK 1190215@alumno.um.edu.mx
09:07:56  INFO    [452/463] OK 1170247@alumno.um.edu.mx
09:07:57  INFO    [453/463] OK 1220057@alumno.um.edu.mx
09:07:58  INFO    [454/463] OK 1220742@alumno.um.edu.mx
09:07:59  INFO    [455/463] OK 1240183@alumno.um.edu.mx
09:08:01  INFO    [456/463] OK 1240194@alumno.um.edu.mx
09:08:02  INFO    [457/463] OK 1230613@alumno.um.edu.mx
09:08:03  INFO    [458/463] OK 1220702@alumno.um.edu.mx
09:08:04  INFO    [459/463] OK 1100054@alumno.um.edu.mx
09:08:05  INFO    [460/463] OK 1180078@alumno.um.edu.mx
09:08:06  INFO    [461/463] OK 1240333@alumno.um.edu.mx
09:08:08  INFO    [462/463] OK 1212029@alumno.um.edu.mx
09:08:09  INFO    [463/463] OK 1250044@alumno.um.edu.mx
09:08:10  INFO    --------------------------------------------------
09:08:10  INFO    Enviados totales en esta lista: 463
09:08:10  INFO    Fallidos totales en esta lista: 0
