10:56:41  INFO    Lista: correosum_parte_00.txt | Destinatarios: 457
10:56:41  INFO      - 1220142@alumno.um.edu.mx
10:56:41  INFO      - 1230640@alumno.um.edu.mx
10:56:41  INFO      - 1200526@alumno.um.edu.mx
10:56:41  INFO      - 1240542@alumno.um.edu.mx
10:56:41  INFO      - 1170864@alumno.um.edu.mx
10:56:41  INFO      - 1220666@alumno.um.edu.mx
10:56:41  INFO      - 1180731@alumno.um.edu.mx
10:56:41  INFO      - 1250553@alumno.um.edu.mx
10:56:41  INFO      - 1210454@alumno.um.edu.mx
10:56:41  INFO      - 1220439@alumno.um.edu.mx
10:56:41  INFO      - 1220326@alumno.um.edu.mx
10:56:41  INFO      - 1220660@alumno.um.edu.mx
10:56:41  INFO      - 1230695@alumno.um.edu.mx
10:56:41  INFO      - 1240373@alumno.um.edu.mx
10:56:41  INFO      - 1220545@alumno.um.edu.mx
10:56:41  INFO      - 1240213@alumno.um.edu.mx
10:56:41  INFO      - 1240095@alumno.um.edu.mx
10:56:41  INFO      - 1230198@alumno.um.edu.mx
10:56:41  INFO      - 1220823@alumno.um.edu.mx
10:56:41  INFO      - 1240096@alumno.um.edu.mx
10:56:41  INFO      - 1240150@alumno.um.edu.mx
10:56:41  INFO      - 1200399@alumno.um.edu.mx
10:56:41  INFO      - 1220076@alumno.um.edu.mx
10:56:41  INFO      - 1230648@alumno.um.edu.mx
10:56:41  INFO      - 1240657@alumno.um.edu.mx
10:56:41  INFO      - 1240531@alumno.um.edu.mx
10:56:41  INFO      - 1220495@alumno.um.edu.mx
10:56:41  INFO      - 1200447@alumno.um.edu.mx
10:56:41  INFO      - 1210056@alumno.um.edu.mx
10:56:41  INFO      - 1220198@alumno.um.edu.mx
10:56:41  INFO      - 1220757@alumno.um.edu.mx
10:56:41  INFO      - 1240329@alumno.um.edu.mx
10:56:41  INFO      - 1220282@alumno.um.edu.mx
10:56:41  INFO      - 1220649@alumno.um.edu.mx
10:56:41  INFO      - 1170185@alumno.um.edu.mx
10:56:41  INFO      - 1240460@alumno.um.edu.mx
10:56:41  INFO      - 1220264@alumno.um.edu.mx
10:56:41  INFO      - 1240486@alumno.um.edu.mx
10:56:41  INFO      - 1210651@alumno.um.edu.mx
10:56:41  INFO      - 1220439@alumno.um.edu.mx
10:56:41  INFO      - 1220853@alumno.um.edu.mx
10:56:41  INFO      - 1220123@alumno.um.edu.mx
10:56:41  INFO      - 1220649@alumno.um.edu.mx
10:56:41  INFO      - 1230143@alumno.um.edu.mx
10:56:41  INFO      - 1240159@alumno.um.edu.mx
10:56:41  INFO      - 1240374@alumno.um.edu.mx
10:56:41  INFO      - 1220616@alumno.um.edu.mx
10:56:41  INFO      - 1210056@alumno.um.edu.mx
10:56:41  INFO      - 1230169@alumno.um.edu.mx
10:56:41  INFO      - 1180634@alumno.um.edu.mx
10:56:41  INFO      - 1220198@alumno.um.edu.mx
10:56:41  INFO      - 1250571@alumno.um.edu.mx
10:56:41  INFO      - 1190208@alumno.um.edu.mx
10:56:41  INFO      - 1220475@alumno.um.edu.mx
10:56:41  INFO      - 1220763@alumno.um.edu.mx
10:56:41  INFO      - 1190384@alumno.um.edu.mx
10:56:41  INFO      - 1181129@alumno.um.edu.mx
10:56:41  INFO      - 1220494@alumno.um.edu.mx
10:56:41  INFO      - 1210101@alumno.um.edu.mx
10:56:41  INFO      - 1120691@alumno.um.edu.mx
10:56:41  INFO      - 1200524@alumno.um.edu.mx
10:56:41  INFO      - 1150604@alumno.um.edu.mx
10:56:41  INFO      - 1250277@alumno.um.edu.mx
10:56:41  INFO      - 1230292@alumno.um.edu.mx
10:56:41  INFO      - 1250627@alumno.um.edu.mx
10:56:41  INFO      - 1150625@alumno.um.edu.mx
10:56:41  INFO      - 1250272@alumno.um.edu.mx
10:56:41  INFO      - 1180001@alumno.um.edu.mx
10:56:41  INFO      - 1220578@alumno.um.edu.mx
10:56:41  INFO      - 1150250@alumno.um.edu.mx
10:56:41  INFO      - 1250567@alumno.um.edu.mx
10:56:41  INFO      - 1220349@alumno.um.edu.mx
10:56:41  INFO      - 1240098@alumno.um.edu.mx
10:56:41  INFO      - 1180646@alumno.um.edu.mx
10:56:41  INFO      - 1220577@alumno.um.edu.mx
10:56:41  INFO      - 1240281@alumno.um.edu.mx
10:56:41  INFO      - 1210603@alumno.um.edu.mx
10:56:41  INFO      - 1220208@alumno.um.edu.mx
10:56:41  INFO      - 1240376@alumno.um.edu.mx
10:56:41  INFO      - 1250516@alumno.um.edu.mx
10:56:41  INFO      - 1250582@alumno.um.edu.mx
10:56:41  INFO      - 1210218@alumno.um.edu.mx
10:56:41  INFO      - 1230077@alumno.um.edu.mx
10:56:41  INFO      - 1220485@alumno.um.edu.mx
10:56:41  INFO      - 1240510@alumno.um.edu.mx
10:56:41  INFO      - 1190738@alumno.um.edu.mx
10:56:41  INFO      - 1240076@alumno.um.edu.mx
10:56:41  INFO      - 1240165@alumno.um.edu.mx
10:56:41  INFO      - 1250463@alumno.um.edu.mx
10:56:41  INFO      - 1220440@alumno.um.edu.mx
10:56:41  INFO      - 1230682@alumno.um.edu.mx
10:56:41  INFO      - 1190631@alumno.um.edu.mx
10:56:41  INFO      - 1240330@alumno.um.edu.mx
10:56:41  INFO      - 1240441@alumno.um.edu.mx
10:56:41  INFO      - 1230366@alumno.um.edu.mx
10:56:41  INFO      - 1240453@alumno.um.edu.mx
10:56:41  INFO      - 1190040@alumno.um.edu.mx
10:56:41  INFO      - 1230607@alumno.um.edu.mx
10:56:41  INFO      - 1220301@alumno.um.edu.mx
10:56:41  INFO      - 1230741@alumno.um.edu.mx
10:56:41  INFO      - 1230170@alumno.um.edu.mx
10:56:41  INFO      - 1210290@alumno.um.edu.mx
10:56:41  INFO      - 1220493@alumno.um.edu.mx
10:56:41  INFO      - 1230351@alumno.um.edu.mx
10:56:41  INFO      - 1250275@alumno.um.edu.mx
10:56:41  INFO      - 1220738@alumno.um.edu.mx
10:56:41  INFO      - 1150253@alumno.um.edu.mx
10:56:41  INFO      - 1120723@alumno.um.edu.mx
10:56:41  INFO      - 1240347@alumno.um.edu.mx
10:56:41  INFO      - 1220619@alumno.um.edu.mx
10:56:41  INFO      - 1240349@alumno.um.edu.mx
10:56:41  INFO      - 1220168@alumno.um.edu.mx
10:56:41  INFO      - 1250530@alumno.um.edu.mx
10:56:41  INFO      - 1190578@alumno.um.edu.mx
10:56:41  INFO      - 1230550@alumno.um.edu.mx
10:56:41  INFO      - 1250583@alumno.um.edu.mx
10:56:41  INFO      - 1210554@alumno.um.edu.mx
10:56:41  INFO      - 1220874@alumno.um.edu.mx
10:56:41  INFO      - 1180837@alumno.um.edu.mx
10:56:41  INFO      - 1240461@alumno.um.edu.mx
10:56:41  INFO      - 1240344@alumno.um.edu.mx
10:56:41  INFO      - 1200419@alumno.um.edu.mx
10:56:41  INFO      - 1180568@alumno.um.edu.mx
10:56:41  INFO      - 1250083@alumno.um.edu.mx
10:56:41  INFO      - 1180741@alumno.um.edu.mx
10:56:41  INFO      - 1230171@alumno.um.edu.mx
10:56:41  INFO      - 1160423@alumno.um.edu.mx
10:56:41  INFO      - 1230260@alumno.um.edu.mx
10:56:41  INFO      - 1240097@alumno.um.edu.mx
10:56:41  INFO      - 1240488@alumno.um.edu.mx
10:56:41  INFO      - 1200423@alumno.um.edu.mx
10:56:41  INFO      - 1100030@alumno.um.edu.mx
10:56:41  INFO      - 1240440@alumno.um.edu.mx
10:56:41  INFO      - 1250528@alumno.um.edu.mx
10:56:41  INFO      - 780120@alumno.um.edu.mx
10:56:41  INFO      - 1230576@alumno.um.edu.mx
10:56:41  INFO      - 1250097@alumno.um.edu.mx
10:56:41  INFO      - 1240237@alumno.um.edu.mx
10:56:41  INFO      - 1230162@alumno.um.edu.mx
10:56:41  INFO      - 1230627@alumno.um.edu.mx
10:56:41  INFO      - 1250001@alumno.um.edu.mx
10:56:41  INFO      - 1210260@alumno.um.edu.mx
10:56:41  INFO      - 1220528@alumno.um.edu.mx
10:56:41  INFO      - 1210441@alumno.um.edu.mx
10:56:41  INFO      - 1220034@alumno.um.edu.mx
10:56:41  INFO      - 1190717@alumno.um.edu.mx
10:56:41  INFO      - 1230658@alumno.um.edu.mx
10:56:41  INFO      - 1210205@alumno.um.edu.mx
10:56:41  INFO      - 1240555@alumno.um.edu.mx
10:56:41  INFO      - 1220477@alumno.um.edu.mx
10:56:41  INFO      - 1250229@alumno.um.edu.mx
10:56:41  INFO      - 1190292@alumno.um.edu.mx
10:56:41  INFO      - 1240387@alumno.um.edu.mx
10:56:41  INFO      - 1230407@alumno.um.edu.mx
10:56:41  INFO      - 1220478@alumno.um.edu.mx
10:56:41  INFO      - 1220571@alumno.um.edu.mx
10:56:41  INFO      - 1250429@alumno.um.edu.mx
10:56:41  INFO      - 1230412@alumno.um.edu.mx
10:56:41  INFO      - 1240416@alumno.um.edu.mx
10:56:41  INFO      - 1240393@alumno.um.edu.mx
10:56:41  INFO      - 1220536@alumno.um.edu.mx
10:56:41  INFO      - 1240392@alumno.um.edu.mx
10:56:41  INFO      - 1240293@alumno.um.edu.mx
10:56:41  INFO      - 1220823@alumno.um.edu.mx
10:56:41  INFO      - 1240519@alumno.um.edu.mx
10:56:41  INFO      - 1230408@alumno.um.edu.mx
10:56:41  INFO      - 1240424@alumno.um.edu.mx
10:56:41  INFO      - 1220850@alumno.um.edu.mx
10:56:41  INFO      - 1250420@alumno.um.edu.mx
10:56:41  INFO      - 1230410@alumno.um.edu.mx
10:56:41  INFO      - 1250427@alumno.um.edu.mx
10:56:41  INFO      - 1230409@alumno.um.edu.mx
10:56:41  INFO      - 1250421@alumno.um.edu.mx
10:56:41  INFO      - 1240483@alumno.um.edu.mx
10:56:41  INFO      - 1250258@alumno.um.edu.mx
10:56:41  INFO      - 1250278@alumno.um.edu.mx
10:56:41  INFO      - 1240414@alumno.um.edu.mx
10:56:41  INFO      - 1250424@alumno.um.edu.mx
10:56:41  INFO      - 1230241@alumno.um.edu.mx
10:56:41  INFO      - 1230754@alumno.um.edu.mx
10:56:41  INFO      - 1180708@alumno.um.edu.mx
10:56:41  INFO      - 1250137@alumno.um.edu.mx
10:56:41  INFO      - 1250476@alumno.um.edu.mx
10:56:41  INFO      - 1250430@alumno.um.edu.mx
10:56:41  INFO      - 1230242@alumno.um.edu.mx
10:56:41  INFO      - 1100009@alumno.um.edu.mx
10:56:41  INFO      - 1230395@alumno.um.edu.mx
10:56:41  INFO      - 1220154@alumno.um.edu.mx
10:56:41  INFO      - 1250085@alumno.um.edu.mx
10:56:41  INFO      - 1250124@alumno.um.edu.mx
10:56:41  INFO      - 1230678@alumno.um.edu.mx
10:56:41  INFO      - 1200515@alumno.um.edu.mx
10:56:41  INFO      - 1200319@alumno.um.edu.mx
10:56:41  INFO      - 1190327@alumno.um.edu.mx
10:56:41  INFO      - 1170303@alumno.um.edu.mx
10:56:41  INFO      - 1240408@alumno.um.edu.mx
10:56:41  INFO      - 1210158@alumno.um.edu.mx
10:56:41  INFO      - 1220218@alumno.um.edu.mx
10:56:41  INFO      - 1200578@alumno.um.edu.mx
10:56:41  INFO      - 1180601@alumno.um.edu.mx
10:56:41  INFO      - 1250478@alumno.um.edu.mx
10:56:41  INFO      - 1250187@alumno.um.edu.mx
10:56:41  INFO      - 1220346@alumno.um.edu.mx
10:56:41  INFO      - 1240063@alumno.um.edu.mx
10:56:41  INFO      - 1220013@alumno.um.edu.mx
10:56:41  INFO      - 1220484@alumno.um.edu.mx
10:56:41  INFO      - 1220644@alumno.um.edu.mx
10:56:41  INFO      - 1220411@alumno.um.edu.mx
10:56:41  INFO      - 1210325@alumno.um.edu.mx
10:56:41  INFO      - 1210076@alumno.um.edu.mx
10:56:41  INFO      - 1220685@alumno.um.edu.mx
10:56:41  INFO      - 1240127@alumno.um.edu.mx
10:56:41  INFO      - 1181149@alumno.um.edu.mx
10:56:41  INFO      - 1180841@alumno.um.edu.mx
10:56:41  INFO      - 1200295@alumno.um.edu.mx
10:56:41  INFO      - 1190861@alumno.um.edu.mx
10:56:41  INFO      - 1220555@alumno.um.edu.mx
10:56:41  INFO      - 1230557@alumno.um.edu.mx
10:56:41  INFO      - 1180559@alumno.um.edu.mx
10:56:41  INFO      - 1190574@alumno.um.edu.mx
10:56:41  INFO      - 1250244@alumno.um.edu.mx
10:56:41  INFO      - 1180613@alumno.um.edu.mx
10:56:41  INFO      - 1250146@alumno.um.edu.mx
10:56:41  INFO      - 1230207@alumno.um.edu.mx
10:56:41  INFO      - 1230130@alumno.um.edu.mx
10:56:41  INFO      - 1180579@alumno.um.edu.mx
10:56:41  INFO      - 1190369@alumno.um.edu.mx
10:56:41  INFO      - 1240361@alumno.um.edu.mx
10:56:41  INFO      - 1230633@alumno.um.edu.mx
10:56:41  INFO      - 1160212@alumno.um.edu.mx
10:56:41  INFO      - 1190311@alumno.um.edu.mx
10:56:41  INFO      - 1220331@alumno.um.edu.mx
10:56:41  INFO      - 1240142@alumno.um.edu.mx
10:56:41  INFO      - 1220893@alumno.um.edu.mx
10:56:41  INFO      - 1230213@alumno.um.edu.mx
10:56:41  INFO      - 1160782@alumno.um.edu.mx
10:56:41  INFO      - 1240140@alumno.um.edu.mx
10:56:41  INFO      - 1240304@alumno.um.edu.mx
10:56:41  INFO      - 1250486@alumno.um.edu.mx
10:56:41  INFO      - 1220547@alumno.um.edu.mx
10:56:41  INFO      - 1160267@alumno.um.edu.mx
10:56:41  INFO      - 1190408@alumno.um.edu.mx
10:56:41  INFO      - 1180689@alumno.um.edu.mx
10:56:41  INFO      - 1200236@alumno.um.edu.mx
10:56:41  INFO      - 1200336@alumno.um.edu.mx
10:56:41  INFO      - 1100720@alumno.um.edu.mx
10:56:41  INFO      - 1200412@alumno.um.edu.mx
10:56:41  INFO      - 1190124@alumno.um.edu.mx
10:56:41  INFO      - 1190010@alumno.um.edu.mx
10:56:41  INFO      - 1200301@alumno.um.edu.mx
10:56:41  INFO      - 1190761@alumno.um.edu.mx
10:56:41  INFO      - 1220429@alumno.um.edu.mx
10:56:41  INFO      - 1250203@alumno.um.edu.mx
10:56:41  INFO      - 1250588@alumno.um.edu.mx
10:56:41  INFO      - 1250296@alumno.um.edu.mx
10:56:41  INFO      - 1220483@alumno.um.edu.mx
10:56:41  INFO      - 1220727@alumno.um.edu.mx
10:56:41  INFO      - 1250239@alumno.um.edu.mx
10:56:41  INFO      - 1220115@alumno.um.edu.mx
10:56:41  INFO      - 1250240@alumno.um.edu.mx
10:56:41  INFO      - 1240148@alumno.um.edu.mx
10:56:41  INFO      - 1250436@alumno.um.edu.mx
10:56:41  INFO      - 1230156@alumno.um.edu.mx
10:56:41  INFO      - 1250179@alumno.um.edu.mx
10:56:41  INFO      - 1240514@alumno.um.edu.mx
10:56:41  INFO      - 1250337@alumno.um.edu.mx
10:56:41  INFO      - 1210659@alumno.um.edu.mx
10:56:41  INFO      - 1230288@alumno.um.edu.mx
10:56:41  INFO      - 1220883@alumno.um.edu.mx
10:56:41  INFO      - 1220622@alumno.um.edu.mx
10:56:41  INFO      - 1180719@alumno.um.edu.mx
10:56:41  INFO      - 1240360@alumno.um.edu.mx
10:56:41  INFO      - 1240132@alumno.um.edu.mx
10:56:41  INFO      - 1240235@alumno.um.edu.mx
10:56:41  INFO      - 1210285@alumno.um.edu.mx
10:56:41  INFO      - 1220526@alumno.um.edu.mx
10:56:41  INFO      - 1220721@alumno.um.edu.mx
10:56:41  INFO      - 1210340@alumno.um.edu.mx
10:56:41  INFO      - 1230147@alumno.um.edu.mx
10:56:41  INFO      - 1200287@alumno.um.edu.mx
10:56:41  INFO      - 1220589@alumno.um.edu.mx
10:56:41  INFO      - 1230255@alumno.um.edu.mx
10:56:41  INFO      - 1240401@alumno.um.edu.mx
10:56:41  INFO      - 1230639@alumno.um.edu.mx
10:56:41  INFO      - 1190395@alumno.um.edu.mx
10:56:41  INFO      - 1210010@alumno.um.edu.mx
10:56:41  INFO      - 1250535@alumno.um.edu.mx
10:56:41  INFO      - 1200294@alumno.um.edu.mx
10:56:41  INFO      - 1190530@alumno.um.edu.mx
10:56:41  INFO      - 1050807@alumno.um.edu.mx
10:56:41  INFO      - 1170189@alumno.um.edu.mx
10:56:41  INFO      - 1190668@alumno.um.edu.mx
10:56:41  INFO      - 1200299@alumno.um.edu.mx
10:56:41  INFO      - 1190466@alumno.um.edu.mx
10:56:41  INFO      - 1200297@alumno.um.edu.mx
10:56:41  INFO      - 1200300@alumno.um.edu.mx
10:56:41  INFO      - 1200370@alumno.um.edu.mx
10:56:41  INFO      - 1100756@alumno.um.edu.mx
10:56:41  INFO      - 1190382@alumno.um.edu.mx
10:56:41  INFO      - 1190418@alumno.um.edu.mx
10:56:41  INFO      - 1160609@alumno.um.edu.mx
10:56:41  INFO      - 1190237@alumno.um.edu.mx
10:56:41  INFO      - 1170177@alumno.um.edu.mx
10:56:41  INFO      - 1160297@alumno.um.edu.mx
10:56:41  INFO      - 1160953@alumno.um.edu.mx
10:56:41  INFO      - 1180461@alumno.um.edu.mx
10:56:41  INFO      - 1170820@alumno.um.edu.mx
10:56:41  INFO      - 1230267@alumno.um.edu.mx
10:56:41  INFO      - 1220582@alumno.um.edu.mx
10:56:41  INFO      - 1230317@alumno.um.edu.mx
10:56:41  INFO      - 1190622@alumno.um.edu.mx
10:56:41  INFO      - 1240138@alumno.um.edu.mx
10:56:41  INFO      - 1240296@alumno.um.edu.mx
10:56:41  INFO      - 1240055@alumno.um.edu.mx
10:56:41  INFO      - 1190393@alumno.um.edu.mx
10:56:41  INFO      - 1200337@alumno.um.edu.mx
10:56:41  INFO      - 1200508@alumno.um.edu.mx
10:56:41  INFO      - 1160805@alumno.um.edu.mx
10:56:41  INFO      - 1170750@alumno.um.edu.mx
10:56:41  INFO      - 1200367@alumno.um.edu.mx
10:56:41  INFO      - 1180750@alumno.um.edu.mx
10:56:41  INFO      - 1170184@alumno.um.edu.mx
10:56:41  INFO      - 1200296@alumno.um.edu.mx
10:56:41  INFO      - 1180407@alumno.um.edu.mx
10:56:41  INFO      - 1190330@alumno.um.edu.mx
10:56:41  INFO      - 1190406@alumno.um.edu.mx
10:56:41  INFO      - 1160243@alumno.um.edu.mx
10:56:41  INFO      - 1190073@alumno.um.edu.mx
10:56:41  INFO      - 1190438@alumno.um.edu.mx
10:56:41  INFO      - 1160599@alumno.um.edu.mx
10:56:41  INFO      - 1170012@alumno.um.edu.mx
10:56:41  INFO      - 1180745@alumno.um.edu.mx
10:56:41  INFO      - 1210305@alumno.um.edu.mx
10:56:41  INFO      - 1220463@alumno.um.edu.mx
10:56:41  INFO      - 1220783@alumno.um.edu.mx
10:56:41  INFO      - 1210307@alumno.um.edu.mx
10:56:41  INFO      - 1210216@alumno.um.edu.mx
10:56:41  INFO      - 1190643@alumno.um.edu.mx
10:56:41  INFO      - 1200625@alumno.um.edu.mx
10:56:41  INFO      - 1230558@alumno.um.edu.mx
10:56:41  INFO      - 1250477@alumno.um.edu.mx
10:56:41  INFO      - 1200329@alumno.um.edu.mx
10:56:41  INFO      - 1190398@alumno.um.edu.mx
10:56:41  INFO      - 1230284@alumno.um.edu.mx
10:56:41  INFO      - 1240131@alumno.um.edu.mx
10:56:41  INFO      - 1230593@alumno.um.edu.mx
10:56:41  INFO      - 1220173@alumno.um.edu.mx
10:56:41  INFO      - 1250641@alumno.um.edu.mx
10:56:41  INFO      - 1240177@alumno.um.edu.mx
10:56:41  INFO      - 1130466@alumno.um.edu.mx
10:56:41  INFO      - 1230150@alumno.um.edu.mx
10:56:41  INFO      - 1230295@alumno.um.edu.mx
10:56:41  INFO      - 1250542@alumno.um.edu.mx
10:56:41  INFO      - 1210156@alumno.um.edu.mx
10:56:41  INFO      - 1200486@alumno.um.edu.mx
10:56:41  INFO      - 1210446@alumno.um.edu.mx
10:56:41  INFO      - 1220183@alumno.um.edu.mx
10:56:41  INFO      - 1250642@alumno.um.edu.mx
10:56:41  INFO      - 1250341@alumno.um.edu.mx
10:56:41  INFO      - 1210485@alumno.um.edu.mx
10:56:41  INFO      - 1190521@alumno.um.edu.mx
10:56:41  INFO      - 1240671@alumno.um.edu.mx
10:56:41  INFO      - 1230115@alumno.um.edu.mx
10:56:41  INFO      - 1250212@alumno.um.edu.mx
10:56:41  INFO      - 1190562@alumno.um.edu.mx
10:56:41  INFO      - 1230123@alumno.um.edu.mx
10:56:41  INFO      - 1200310@alumno.um.edu.mx
10:56:41  INFO      - 1150170@alumno.um.edu.mx
10:56:41  INFO      - 1200340@alumno.um.edu.mx
10:56:41  INFO      - 1240478@alumno.um.edu.mx
10:56:41  INFO      - 1210356@alumno.um.edu.mx
10:56:41  INFO      - 1190077@alumno.um.edu.mx
10:56:41  INFO      - 1180726@alumno.um.edu.mx
10:56:41  INFO      - 1180632@alumno.um.edu.mx
10:56:41  INFO      - 1220410@alumno.um.edu.mx
10:56:41  INFO      - 1190404@alumno.um.edu.mx
10:56:41  INFO      - 1220341@alumno.um.edu.mx
10:56:41  INFO      - 1210333@alumno.um.edu.mx
10:56:41  INFO      - 1210396@alumno.um.edu.mx
10:56:41  INFO      - 1220877@alumno.um.edu.mx
10:56:41  INFO      - 1200035@alumno.um.edu.mx
10:56:41  INFO      - 1220535@alumno.um.edu.mx
10:56:41  INFO      - 1210562@alumno.um.edu.mx
10:56:41  INFO      - 1250060@alumno.um.edu.mx
10:56:41  INFO      - 1230492@alumno.um.edu.mx
10:56:41  INFO      - 1250242@alumno.um.edu.mx
10:56:41  INFO      - 1240381@alumno.um.edu.mx
10:56:41  INFO      - 1230208@alumno.um.edu.mx
10:56:41  INFO      - 1230400@alumno.um.edu.mx
10:56:41  INFO      - 1210227@alumno.um.edu.mx
10:56:41  INFO      - 1250287@alumno.um.edu.mx
10:56:41  INFO      - 1220421@alumno.um.edu.mx
10:56:41  INFO      - 1220621@alumno.um.edu.mx
10:56:41  INFO      - 1210318@alumno.um.edu.mx
10:56:41  INFO      - 1250205@alumno.um.edu.mx
10:56:41  INFO      - 1220543@alumno.um.edu.mx
10:56:41  INFO      - 1240134@alumno.um.edu.mx
10:56:41  INFO      - 1210065@alumno.um.edu.mx
10:56:41  INFO      - 1210560@alumno.um.edu.mx
10:56:41  INFO      - 1220428@alumno.um.edu.mx
10:56:41  INFO      - 1240410@alumno.um.edu.mx
10:56:41  INFO      - 1200413@alumno.um.edu.mx
10:56:41  INFO      - 1220287@alumno.um.edu.mx
10:56:41  INFO      - 1230311@alumno.um.edu.mx
10:56:41  INFO      - 1220291@alumno.um.edu.mx
10:56:41  INFO      - 1210220@alumno.um.edu.mx
10:56:41  INFO      - 1250458@alumno.um.edu.mx
10:56:41  INFO      - 1200661@alumno.um.edu.mx
10:56:41  INFO      - 1220134@alumno.um.edu.mx
10:56:41  INFO      - 1240399@alumno.um.edu.mx
10:56:41  INFO      - 1240163@alumno.um.edu.mx
10:56:41  INFO      - 1170678@alumno.um.edu.mx
10:56:41  INFO      - 1200500@alumno.um.edu.mx
10:56:41  INFO      - 1210214@alumno.um.edu.mx
10:56:41  INFO      - 1250243@alumno.um.edu.mx
10:56:41  INFO      - 1210620@alumno.um.edu.mx
10:56:41  INFO      - 1230318@alumno.um.edu.mx
10:56:41  INFO      - 1230209@alumno.um.edu.mx
10:56:41  INFO      - 1190618@alumno.um.edu.mx
10:56:41  INFO      - 1190417@alumno.um.edu.mx
10:56:41  INFO      - 1250180@alumno.um.edu.mx
10:56:41  INFO      - 1150277@alumno.um.edu.mx
10:56:41  INFO      - 1210428@alumno.um.edu.mx
10:56:41  INFO      - 1090595@alumno.um.edu.mx
10:56:41  INFO      - 1190470@alumno.um.edu.mx
10:56:41  INFO      - 1220263@alumno.um.edu.mx
10:56:41  INFO      - 1220172@alumno.um.edu.mx
10:56:41  INFO      - 1240176@alumno.um.edu.mx
10:56:41  INFO      - 1190490@alumno.um.edu.mx
10:56:41  INFO      - 1240543@alumno.um.edu.mx
10:56:41  INFO      - 1250340@alumno.um.edu.mx
10:56:41  INFO      - 1210085@alumno.um.edu.mx
10:56:41  INFO      - 1240184@alumno.um.edu.mx
10:56:41  INFO      - 1230724@alumno.um.edu.mx
10:56:41  INFO      - 1240202@alumno.um.edu.mx
10:56:41  INFO      - 1250354@alumno.um.edu.mx
10:56:41  INFO      - 1240211@alumno.um.edu.mx
10:56:41  INFO      - 1220384@alumno.um.edu.mx
10:56:41  INFO      - 1180733@alumno.um.edu.mx
10:56:41  INFO      - 1200317@alumno.um.edu.mx
10:56:41  INFO      - 1150616@alumno.um.edu.mx
10:56:41  INFO      - 1220564@alumno.um.edu.mx
10:56:41  INFO      - 1250215@alumno.um.edu.mx
10:56:41  INFO      - 1250546@alumno.um.edu.mx
10:56:41  INFO      - 1220085@alumno.um.edu.mx
10:56:41  INFO      - 1230259@alumno.um.edu.mx
10:56:41  INFO      - 1210150@alumno.um.edu.mx
10:56:41  INFO      - 1220415@alumno.um.edu.mx
10:56:41  INFO      - 1220063@alumno.um.edu.mx
10:56:41  INFO      - 1210424@alumno.um.edu.mx
10:56:41  INFO      - 1120769@alumno.um.edu.mx
10:56:41  INFO      - 1220554@alumno.um.edu.mx
10:56:41  INFO      - 1210401@alumno.um.edu.mx
10:56:41  INFO      - 1180680@alumno.um.edu.mx
10:56:41  INFO      - 1180657@alumno.um.edu.mx
10:56:41  INFO      - 1050725@alumno.um.edu.mx
10:56:41  INFO      - 1230227@alumno.um.edu.mx
10:56:54  INFO    Lista: correosum_parte_00.txt | Total: 457 | Ya enviados: 0 | Pendientes: 457
10:56:55  INFO    Sesion SMTP iniciada.
10:56:56  INFO    [1/457] OK 1220142@alumno.um.edu.mx
10:56:57  INFO    [2/457] OK 1230640@alumno.um.edu.mx
10:56:58  INFO    [3/457] OK 1200526@alumno.um.edu.mx
10:56:59  INFO    [4/457] OK 1240542@alumno.um.edu.mx
10:57:01  INFO    [5/457] OK 1170864@alumno.um.edu.mx
10:57:02  INFO    [6/457] OK 1220666@alumno.um.edu.mx
10:57:03  INFO    [7/457] OK 1180731@alumno.um.edu.mx
10:57:04  INFO    [8/457] OK 1250553@alumno.um.edu.mx
10:57:05  INFO    [9/457] OK 1210454@alumno.um.edu.mx
10:57:06  INFO    [10/457] OK 1220439@alumno.um.edu.mx
10:57:07  INFO    [11/457] OK 1220326@alumno.um.edu.mx
10:57:08  INFO    [12/457] OK 1220660@alumno.um.edu.mx
10:57:09  INFO    [13/457] OK 1230695@alumno.um.edu.mx
10:57:11  INFO    [14/457] OK 1240373@alumno.um.edu.mx
10:57:12  INFO    [15/457] OK 1220545@alumno.um.edu.mx
10:57:13  INFO    [16/457] OK 1240213@alumno.um.edu.mx
10:57:14  INFO    [17/457] OK 1240095@alumno.um.edu.mx
10:57:15  INFO    [18/457] OK 1230198@alumno.um.edu.mx
10:57:16  INFO    [19/457] OK 1220823@alumno.um.edu.mx
10:57:17  INFO    [20/457] OK 1240096@alumno.um.edu.mx
10:57:18  INFO    [21/457] OK 1240150@alumno.um.edu.mx
10:57:19  INFO    [22/457] OK 1200399@alumno.um.edu.mx
10:57:21  INFO    [23/457] OK 1220076@alumno.um.edu.mx
10:57:22  INFO    [24/457] OK 1230648@alumno.um.edu.mx
10:57:23  INFO    [25/457] OK 1240657@alumno.um.edu.mx
10:57:24  INFO    [26/457] OK 1240531@alumno.um.edu.mx
10:57:25  INFO    [27/457] OK 1220495@alumno.um.edu.mx
10:57:26  INFO    [28/457] OK 1200447@alumno.um.edu.mx
10:57:27  INFO    [29/457] OK 1210056@alumno.um.edu.mx
10:57:28  INFO    [30/457] OK 1220198@alumno.um.edu.mx
10:57:29  INFO    [31/457] OK 1220757@alumno.um.edu.mx
10:57:31  INFO    [32/457] OK 1240329@alumno.um.edu.mx
10:57:32  INFO    [33/457] OK 1220282@alumno.um.edu.mx
10:57:33  INFO    [34/457] OK 1220649@alumno.um.edu.mx
10:57:34  INFO    [35/457] OK 1170185@alumno.um.edu.mx
10:57:35  INFO    [36/457] OK 1240460@alumno.um.edu.mx
10:57:36  INFO    [37/457] OK 1220264@alumno.um.edu.mx
10:57:37  INFO    [38/457] OK 1240486@alumno.um.edu.mx
10:57:38  INFO    [39/457] OK 1210651@alumno.um.edu.mx
10:57:39  INFO    [40/457] OK 1220439@alumno.um.edu.mx
10:57:41  INFO    [41/457] OK 1220853@alumno.um.edu.mx
10:57:42  INFO    [42/457] OK 1220123@alumno.um.edu.mx
10:57:43  INFO    [43/457] OK 1220649@alumno.um.edu.mx
10:57:44  INFO    [44/457] OK 1230143@alumno.um.edu.mx
10:57:45  INFO    [45/457] OK 1240159@alumno.um.edu.mx
10:57:46  INFO    [46/457] OK 1240374@alumno.um.edu.mx
10:57:47  INFO    [47/457] OK 1220616@alumno.um.edu.mx
10:57:48  INFO    [48/457] OK 1210056@alumno.um.edu.mx
10:57:49  INFO    [49/457] OK 1230169@alumno.um.edu.mx
10:57:51  INFO    [50/457] OK 1180634@alumno.um.edu.mx
10:57:52  INFO    [51/457] OK 1220198@alumno.um.edu.mx
10:57:53  INFO    [52/457] OK 1250571@alumno.um.edu.mx
10:57:54  INFO    [53/457] OK 1190208@alumno.um.edu.mx
10:57:55  INFO    [54/457] OK 1220475@alumno.um.edu.mx
10:57:56  INFO    [55/457] OK 1220763@alumno.um.edu.mx
10:57:57  INFO    [56/457] OK 1190384@alumno.um.edu.mx
10:57:58  INFO    [57/457] OK 1181129@alumno.um.edu.mx
10:58:00  INFO    [58/457] OK 1220494@alumno.um.edu.mx
10:58:01  INFO    [59/457] OK 1210101@alumno.um.edu.mx
10:58:02  INFO    [60/457] OK 1120691@alumno.um.edu.mx
10:58:03  INFO    [61/457] OK 1200524@alumno.um.edu.mx
10:58:04  INFO    [62/457] OK 1150604@alumno.um.edu.mx
10:58:05  INFO    [63/457] OK 1250277@alumno.um.edu.mx
10:58:06  INFO    [64/457] OK 1230292@alumno.um.edu.mx
10:58:08  INFO    [65/457] OK 1250627@alumno.um.edu.mx
10:58:09  INFO    [66/457] OK 1150625@alumno.um.edu.mx
10:58:10  INFO    [67/457] OK 1250272@alumno.um.edu.mx
10:58:11  INFO    [68/457] OK 1180001@alumno.um.edu.mx
10:58:12  INFO    [69/457] OK 1220578@alumno.um.edu.mx
10:58:13  INFO    [70/457] OK 1150250@alumno.um.edu.mx
10:58:14  INFO    [71/457] OK 1250567@alumno.um.edu.mx
10:58:15  INFO    [72/457] OK 1220349@alumno.um.edu.mx
10:58:16  INFO    [73/457] OK 1240098@alumno.um.edu.mx
10:58:18  INFO    [74/457] OK 1180646@alumno.um.edu.mx
10:58:19  INFO    [75/457] OK 1220577@alumno.um.edu.mx
10:58:20  INFO    [76/457] OK 1240281@alumno.um.edu.mx
10:58:21  INFO    [77/457] OK 1210603@alumno.um.edu.mx
10:58:22  INFO    [78/457] OK 1220208@alumno.um.edu.mx
10:58:23  INFO    [79/457] OK 1240376@alumno.um.edu.mx
10:58:24  INFO    [80/457] OK 1250516@alumno.um.edu.mx
10:58:25  INFO    Reconectando SMTP (correo #81)...
10:58:27  INFO    [81/457] OK 1250582@alumno.um.edu.mx
10:58:28  INFO    [82/457] OK 1210218@alumno.um.edu.mx
10:58:29  INFO    [83/457] OK 1230077@alumno.um.edu.mx
10:58:30  INFO    [84/457] OK 1220485@alumno.um.edu.mx
10:58:31  INFO    [85/457] OK 1240510@alumno.um.edu.mx
10:58:32  INFO    [86/457] OK 1190738@alumno.um.edu.mx
10:58:33  INFO    [87/457] OK 1240076@alumno.um.edu.mx
10:58:34  INFO    [88/457] OK 1240165@alumno.um.edu.mx
10:58:36  INFO    [89/457] OK 1250463@alumno.um.edu.mx
10:58:37  INFO    [90/457] OK 1220440@alumno.um.edu.mx
10:58:38  INFO    [91/457] OK 1230682@alumno.um.edu.mx
10:58:39  INFO    [92/457] OK 1190631@alumno.um.edu.mx
10:58:40  INFO    [93/457] OK 1240330@alumno.um.edu.mx
10:58:41  INFO    [94/457] OK 1240441@alumno.um.edu.mx
10:58:42  INFO    [95/457] OK 1230366@alumno.um.edu.mx
10:58:43  INFO    [96/457] OK 1240453@alumno.um.edu.mx
10:58:45  INFO    [97/457] OK 1190040@alumno.um.edu.mx
10:58:46  INFO    [98/457] OK 1230607@alumno.um.edu.mx
10:58:47  INFO    [99/457] OK 1220301@alumno.um.edu.mx
10:58:48  INFO    [100/457] OK 1230741@alumno.um.edu.mx
10:58:49  INFO    [101/457] OK 1230170@alumno.um.edu.mx
10:58:50  INFO    [102/457] OK 1210290@alumno.um.edu.mx
10:58:51  INFO    [103/457] OK 1220493@alumno.um.edu.mx
10:58:52  INFO    [104/457] OK 1230351@alumno.um.edu.mx
10:58:54  INFO    [105/457] OK 1250275@alumno.um.edu.mx
10:58:55  INFO    [106/457] OK 1220738@alumno.um.edu.mx
10:58:56  INFO    [107/457] OK 1150253@alumno.um.edu.mx
10:58:57  INFO    [108/457] OK 1120723@alumno.um.edu.mx
10:58:58  INFO    [109/457] OK 1240347@alumno.um.edu.mx
10:59:00  INFO    [110/457] OK 1220619@alumno.um.edu.mx
10:59:01  INFO    [111/457] OK 1240349@alumno.um.edu.mx
10:59:02  INFO    [112/457] OK 1220168@alumno.um.edu.mx
10:59:03  INFO    [113/457] OK 1250530@alumno.um.edu.mx
10:59:04  INFO    [114/457] OK 1190578@alumno.um.edu.mx
10:59:05  INFO    [115/457] OK 1230550@alumno.um.edu.mx
10:59:06  INFO    [116/457] OK 1250583@alumno.um.edu.mx
10:59:08  INFO    [117/457] OK 1210554@alumno.um.edu.mx
10:59:09  INFO    [118/457] OK 1220874@alumno.um.edu.mx
10:59:10  INFO    [119/457] OK 1180837@alumno.um.edu.mx
10:59:11  INFO    [120/457] OK 1240461@alumno.um.edu.mx
10:59:12  INFO    [121/457] OK 1240344@alumno.um.edu.mx
10:59:13  INFO    [122/457] OK 1200419@alumno.um.edu.mx
10:59:14  INFO    [123/457] OK 1180568@alumno.um.edu.mx
10:59:16  INFO    [124/457] OK 1250083@alumno.um.edu.mx
10:59:17  INFO    [125/457] OK 1180741@alumno.um.edu.mx
10:59:18  INFO    [126/457] OK 1230171@alumno.um.edu.mx
10:59:19  INFO    [127/457] OK 1160423@alumno.um.edu.mx
10:59:20  INFO    [128/457] OK 1230260@alumno.um.edu.mx
10:59:21  INFO    [129/457] OK 1240097@alumno.um.edu.mx
10:59:22  INFO    [130/457] OK 1240488@alumno.um.edu.mx
10:59:23  INFO    [131/457] OK 1200423@alumno.um.edu.mx
10:59:25  INFO    [132/457] OK 1100030@alumno.um.edu.mx
10:59:26  INFO    [133/457] OK 1240440@alumno.um.edu.mx
10:59:27  INFO    [134/457] OK 1250528@alumno.um.edu.mx
10:59:29  INFO    [135/457] OK 780120@alumno.um.edu.mx
10:59:30  INFO    [136/457] OK 1230576@alumno.um.edu.mx
10:59:31  INFO    [137/457] OK 1250097@alumno.um.edu.mx
10:59:32  INFO    [138/457] OK 1240237@alumno.um.edu.mx
10:59:33  INFO    [139/457] OK 1230162@alumno.um.edu.mx
10:59:34  INFO    [140/457] OK 1230627@alumno.um.edu.mx
10:59:35  INFO    [141/457] OK 1250001@alumno.um.edu.mx
10:59:37  INFO    [142/457] OK 1210260@alumno.um.edu.mx
10:59:38  INFO    [143/457] OK 1220528@alumno.um.edu.mx
10:59:39  INFO    [144/457] OK 1210441@alumno.um.edu.mx
10:59:40  INFO    [145/457] OK 1220034@alumno.um.edu.mx
10:59:41  INFO    [146/457] OK 1190717@alumno.um.edu.mx
10:59:42  INFO    [147/457] OK 1230658@alumno.um.edu.mx
10:59:43  INFO    [148/457] OK 1210205@alumno.um.edu.mx
10:59:44  INFO    [149/457] OK 1240555@alumno.um.edu.mx
10:59:45  INFO    [150/457] OK 1220477@alumno.um.edu.mx
10:59:47  INFO    [151/457] OK 1250229@alumno.um.edu.mx
10:59:48  INFO    [152/457] OK 1190292@alumno.um.edu.mx
10:59:49  INFO    [153/457] OK 1240387@alumno.um.edu.mx
10:59:50  INFO    [154/457] OK 1230407@alumno.um.edu.mx
10:59:51  INFO    [155/457] OK 1220478@alumno.um.edu.mx
10:59:53  INFO    [156/457] OK 1220571@alumno.um.edu.mx
10:59:54  INFO    [157/457] OK 1250429@alumno.um.edu.mx
10:59:55  INFO    [158/457] OK 1230412@alumno.um.edu.mx
10:59:56  INFO    [159/457] OK 1240416@alumno.um.edu.mx
10:59:57  INFO    [160/457] OK 1240393@alumno.um.edu.mx
10:59:58  INFO    Reconectando SMTP (correo #161)...
11:00:00  INFO    [161/457] OK 1220536@alumno.um.edu.mx
11:00:01  INFO    [162/457] OK 1240392@alumno.um.edu.mx
11:00:02  INFO    [163/457] OK 1240293@alumno.um.edu.mx
11:00:03  INFO    [164/457] OK 1220823@alumno.um.edu.mx
11:00:04  INFO    [165/457] OK 1240519@alumno.um.edu.mx
11:00:05  INFO    [166/457] OK 1230408@alumno.um.edu.mx
11:00:07  INFO    [167/457] OK 1240424@alumno.um.edu.mx
11:00:08  INFO    [168/457] OK 1220850@alumno.um.edu.mx
11:00:09  INFO    [169/457] OK 1250420@alumno.um.edu.mx
11:00:10  INFO    [170/457] OK 1230410@alumno.um.edu.mx
11:00:11  INFO    [171/457] OK 1250427@alumno.um.edu.mx
11:00:12  INFO    [172/457] OK 1230409@alumno.um.edu.mx
11:00:14  INFO    [173/457] OK 1250421@alumno.um.edu.mx
11:00:15  INFO    [174/457] OK 1240483@alumno.um.edu.mx
11:00:16  INFO    [175/457] OK 1250258@alumno.um.edu.mx
11:00:17  INFO    [176/457] OK 1250278@alumno.um.edu.mx
11:00:18  INFO    [177/457] OK 1240414@alumno.um.edu.mx
11:00:19  INFO    [178/457] OK 1250424@alumno.um.edu.mx
11:00:20  INFO    [179/457] OK 1230241@alumno.um.edu.mx
11:00:21  INFO    [180/457] OK 1230754@alumno.um.edu.mx
11:00:22  INFO    [181/457] OK 1180708@alumno.um.edu.mx
11:00:24  INFO    [182/457] OK 1250137@alumno.um.edu.mx
11:00:25  INFO    [183/457] OK 1250476@alumno.um.edu.mx
11:00:26  INFO    [184/457] OK 1250430@alumno.um.edu.mx
11:00:27  INFO    [185/457] OK 1230242@alumno.um.edu.mx
11:00:28  INFO    [186/457] OK 1100009@alumno.um.edu.mx
11:00:29  INFO    [187/457] OK 1230395@alumno.um.edu.mx
11:00:30  INFO    [188/457] OK 1220154@alumno.um.edu.mx
11:00:31  INFO    [189/457] OK 1250085@alumno.um.edu.mx
11:00:33  INFO    [190/457] OK 1250124@alumno.um.edu.mx
11:00:34  INFO    [191/457] OK 1230678@alumno.um.edu.mx
11:00:35  INFO    [192/457] OK 1200515@alumno.um.edu.mx
11:00:36  INFO    [193/457] OK 1200319@alumno.um.edu.mx
11:00:37  INFO    [194/457] OK 1190327@alumno.um.edu.mx
11:00:38  INFO    [195/457] OK 1170303@alumno.um.edu.mx
11:00:39  INFO    [196/457] OK 1240408@alumno.um.edu.mx
11:00:40  INFO    [197/457] OK 1210158@alumno.um.edu.mx
11:00:42  INFO    [198/457] OK 1220218@alumno.um.edu.mx
11:00:43  INFO    [199/457] OK 1200578@alumno.um.edu.mx
11:00:44  INFO    [200/457] OK 1180601@alumno.um.edu.mx
11:00:45  INFO    [201/457] OK 1250478@alumno.um.edu.mx
11:00:46  INFO    [202/457] OK 1250187@alumno.um.edu.mx
11:00:47  INFO    [203/457] OK 1220346@alumno.um.edu.mx
11:00:48  INFO    [204/457] OK 1240063@alumno.um.edu.mx
11:00:49  INFO    [205/457] OK 1220013@alumno.um.edu.mx
11:00:50  INFO    [206/457] OK 1220484@alumno.um.edu.mx
11:00:52  INFO    [207/457] OK 1220644@alumno.um.edu.mx
11:00:53  INFO    [208/457] OK 1220411@alumno.um.edu.mx
11:00:54  INFO    [209/457] OK 1210325@alumno.um.edu.mx
11:00:55  INFO    [210/457] OK 1210076@alumno.um.edu.mx
11:00:56  INFO    [211/457] OK 1220685@alumno.um.edu.mx
11:00:57  INFO    [212/457] OK 1240127@alumno.um.edu.mx
11:00:58  INFO    [213/457] OK 1181149@alumno.um.edu.mx
11:00:59  INFO    [214/457] OK 1180841@alumno.um.edu.mx
11:01:01  INFO    [215/457] OK 1200295@alumno.um.edu.mx
11:01:02  INFO    [216/457] OK 1190861@alumno.um.edu.mx
11:01:03  INFO    [217/457] OK 1220555@alumno.um.edu.mx
11:01:04  INFO    [218/457] OK 1230557@alumno.um.edu.mx
11:01:05  INFO    [219/457] OK 1180559@alumno.um.edu.mx
11:01:06  INFO    [220/457] OK 1190574@alumno.um.edu.mx
11:01:08  INFO    [221/457] OK 1250244@alumno.um.edu.mx
11:01:09  INFO    [222/457] OK 1180613@alumno.um.edu.mx
11:01:10  INFO    [223/457] OK 1250146@alumno.um.edu.mx
11:01:11  INFO    [224/457] OK 1230207@alumno.um.edu.mx
11:01:12  INFO    [225/457] OK 1230130@alumno.um.edu.mx
11:01:13  INFO    [226/457] OK 1180579@alumno.um.edu.mx
11:01:14  INFO    [227/457] OK 1190369@alumno.um.edu.mx
11:01:16  INFO    [228/457] OK 1240361@alumno.um.edu.mx
11:01:17  INFO    [229/457] OK 1230633@alumno.um.edu.mx
11:01:18  INFO    [230/457] OK 1160212@alumno.um.edu.mx
11:01:19  INFO    [231/457] OK 1190311@alumno.um.edu.mx
11:01:20  INFO    [232/457] OK 1220331@alumno.um.edu.mx
11:01:21  INFO    [233/457] OK 1240142@alumno.um.edu.mx
11:01:22  INFO    [234/457] OK 1220893@alumno.um.edu.mx
11:01:23  INFO    [235/457] OK 1230213@alumno.um.edu.mx
11:01:25  INFO    [236/457] OK 1160782@alumno.um.edu.mx
11:01:26  INFO    [237/457] OK 1240140@alumno.um.edu.mx
11:01:27  INFO    [238/457] OK 1240304@alumno.um.edu.mx
11:01:28  INFO    [239/457] OK 1250486@alumno.um.edu.mx
11:01:29  INFO    [240/457] OK 1220547@alumno.um.edu.mx
11:01:30  INFO    Reconectando SMTP (correo #241)...
11:01:37  INFO    [241/457] OK 1160267@alumno.um.edu.mx
11:01:38  INFO    [242/457] OK 1190408@alumno.um.edu.mx
11:01:39  INFO    [243/457] OK 1180689@alumno.um.edu.mx
11:01:40  INFO    [244/457] OK 1200236@alumno.um.edu.mx
11:01:42  INFO    [245/457] OK 1200336@alumno.um.edu.mx
11:01:43  INFO    [246/457] OK 1100720@alumno.um.edu.mx
11:01:44  INFO    [247/457] OK 1200412@alumno.um.edu.mx
11:01:45  INFO    [248/457] OK 1190124@alumno.um.edu.mx
11:01:46  INFO    [249/457] OK 1190010@alumno.um.edu.mx
11:01:47  INFO    [250/457] OK 1200301@alumno.um.edu.mx
11:01:48  INFO    [251/457] OK 1190761@alumno.um.edu.mx
11:01:49  INFO    [252/457] OK 1220429@alumno.um.edu.mx
11:01:50  INFO    [253/457] OK 1250203@alumno.um.edu.mx
11:01:52  INFO    [254/457] OK 1250588@alumno.um.edu.mx
11:01:53  INFO    [255/457] OK 1250296@alumno.um.edu.mx
11:01:54  INFO    [256/457] OK 1220483@alumno.um.edu.mx
11:01:55  INFO    [257/457] OK 1220727@alumno.um.edu.mx
11:01:56  INFO    [258/457] OK 1250239@alumno.um.edu.mx
11:01:57  INFO    [259/457] OK 1220115@alumno.um.edu.mx
11:01:58  INFO    [260/457] OK 1250240@alumno.um.edu.mx
11:01:59  INFO    [261/457] OK 1240148@alumno.um.edu.mx
11:02:01  INFO    [262/457] OK 1250436@alumno.um.edu.mx
11:02:02  INFO    [263/457] OK 1230156@alumno.um.edu.mx
11:02:03  INFO    [264/457] OK 1250179@alumno.um.edu.mx
11:02:04  INFO    [265/457] OK 1240514@alumno.um.edu.mx
11:02:06  INFO    [266/457] OK 1250337@alumno.um.edu.mx
11:02:07  INFO    [267/457] OK 1210659@alumno.um.edu.mx
11:02:08  INFO    [268/457] OK 1230288@alumno.um.edu.mx
11:02:09  INFO    [269/457] OK 1220883@alumno.um.edu.mx
11:02:10  INFO    [270/457] OK 1220622@alumno.um.edu.mx
11:02:11  INFO    [271/457] OK 1180719@alumno.um.edu.mx
11:02:12  INFO    [272/457] OK 1240360@alumno.um.edu.mx
11:02:13  INFO    [273/457] OK 1240132@alumno.um.edu.mx
11:02:14  INFO    [274/457] OK 1240235@alumno.um.edu.mx
11:02:16  INFO    [275/457] OK 1210285@alumno.um.edu.mx
11:02:17  INFO    [276/457] OK 1220526@alumno.um.edu.mx
11:02:18  INFO    [277/457] OK 1220721@alumno.um.edu.mx
11:02:19  INFO    [278/457] OK 1210340@alumno.um.edu.mx
11:02:20  INFO    [279/457] OK 1230147@alumno.um.edu.mx
11:02:21  INFO    [280/457] OK 1200287@alumno.um.edu.mx
11:02:22  INFO    [281/457] OK 1220589@alumno.um.edu.mx
11:02:23  INFO    [282/457] OK 1230255@alumno.um.edu.mx
11:02:24  INFO    [283/457] OK 1240401@alumno.um.edu.mx
11:02:26  INFO    [284/457] OK 1230639@alumno.um.edu.mx
11:02:27  INFO    [285/457] OK 1190395@alumno.um.edu.mx
11:02:28  INFO    [286/457] OK 1210010@alumno.um.edu.mx
11:02:29  INFO    [287/457] OK 1250535@alumno.um.edu.mx
11:02:30  INFO    [288/457] OK 1200294@alumno.um.edu.mx
11:02:31  INFO    [289/457] OK 1190530@alumno.um.edu.mx
11:02:32  INFO    [290/457] OK 1050807@alumno.um.edu.mx
11:02:33  INFO    [291/457] OK 1170189@alumno.um.edu.mx
11:02:35  INFO    [292/457] OK 1190668@alumno.um.edu.mx
11:02:36  INFO    [293/457] OK 1200299@alumno.um.edu.mx
11:02:37  INFO    [294/457] OK 1190466@alumno.um.edu.mx
11:02:38  INFO    [295/457] OK 1200297@alumno.um.edu.mx
11:02:39  INFO    [296/457] OK 1200300@alumno.um.edu.mx
11:02:40  INFO    [297/457] OK 1200370@alumno.um.edu.mx
11:02:41  INFO    [298/457] OK 1100756@alumno.um.edu.mx
11:02:43  INFO    [299/457] OK 1190382@alumno.um.edu.mx
11:02:44  INFO    [300/457] OK 1190418@alumno.um.edu.mx
11:02:45  INFO    [301/457] OK 1160609@alumno.um.edu.mx
11:02:46  INFO    [302/457] OK 1190237@alumno.um.edu.mx
11:02:47  INFO    [303/457] OK 1170177@alumno.um.edu.mx
11:02:48  INFO    [304/457] OK 1160297@alumno.um.edu.mx
11:02:49  INFO    [305/457] OK 1160953@alumno.um.edu.mx
11:02:50  INFO    [306/457] OK 1180461@alumno.um.edu.mx
11:02:51  INFO    [307/457] OK 1170820@alumno.um.edu.mx
11:02:53  INFO    [308/457] OK 1230267@alumno.um.edu.mx
11:02:54  INFO    [309/457] OK 1220582@alumno.um.edu.mx
11:02:55  INFO    [310/457] OK 1230317@alumno.um.edu.mx
11:02:56  INFO    [311/457] OK 1190622@alumno.um.edu.mx
11:02:57  INFO    [312/457] OK 1240138@alumno.um.edu.mx
11:02:58  INFO    [313/457] OK 1240296@alumno.um.edu.mx
11:02:59  INFO    [314/457] OK 1240055@alumno.um.edu.mx
11:03:00  INFO    [315/457] OK 1190393@alumno.um.edu.mx
11:03:01  INFO    [316/457] OK 1200337@alumno.um.edu.mx
11:03:03  INFO    [317/457] OK 1200508@alumno.um.edu.mx
11:03:04  INFO    [318/457] OK 1160805@alumno.um.edu.mx
11:03:05  INFO    [319/457] OK 1170750@alumno.um.edu.mx
11:03:06  INFO    [320/457] OK 1200367@alumno.um.edu.mx
11:03:07  INFO    Reconectando SMTP (correo #321)...
11:03:08  INFO    [321/457] OK 1180750@alumno.um.edu.mx
11:03:10  INFO    [322/457] OK 1170184@alumno.um.edu.mx
11:03:11  INFO    [323/457] OK 1200296@alumno.um.edu.mx
11:03:12  INFO    [324/457] OK 1180407@alumno.um.edu.mx
11:03:13  INFO    [325/457] OK 1190330@alumno.um.edu.mx
11:03:14  INFO    [326/457] OK 1190406@alumno.um.edu.mx
11:03:16  INFO    [327/457] OK 1160243@alumno.um.edu.mx
11:03:17  INFO    [328/457] OK 1190073@alumno.um.edu.mx
11:03:18  INFO    [329/457] OK 1190438@alumno.um.edu.mx
11:03:19  INFO    [330/457] OK 1160599@alumno.um.edu.mx
11:03:20  INFO    [331/457] OK 1170012@alumno.um.edu.mx
11:03:21  INFO    [332/457] OK 1180745@alumno.um.edu.mx
11:03:22  INFO    [333/457] OK 1210305@alumno.um.edu.mx
11:03:23  INFO    [334/457] OK 1220463@alumno.um.edu.mx
11:03:25  INFO    [335/457] OK 1220783@alumno.um.edu.mx
11:03:26  INFO    [336/457] OK 1210307@alumno.um.edu.mx
11:03:27  INFO    [337/457] OK 1210216@alumno.um.edu.mx
11:03:28  INFO    [338/457] OK 1190643@alumno.um.edu.mx
11:03:29  INFO    [339/457] OK 1200625@alumno.um.edu.mx
11:03:30  INFO    [340/457] OK 1230558@alumno.um.edu.mx
11:03:31  INFO    [341/457] OK 1250477@alumno.um.edu.mx
11:03:32  INFO    [342/457] OK 1200329@alumno.um.edu.mx
11:03:34  INFO    [343/457] OK 1190398@alumno.um.edu.mx
11:03:35  INFO    [344/457] OK 1230284@alumno.um.edu.mx
11:03:36  INFO    [345/457] OK 1240131@alumno.um.edu.mx
11:03:37  INFO    [346/457] OK 1230593@alumno.um.edu.mx
11:03:38  INFO    [347/457] OK 1220173@alumno.um.edu.mx
11:03:39  INFO    [348/457] OK 1250641@alumno.um.edu.mx
11:03:40  INFO    [349/457] OK 1240177@alumno.um.edu.mx
11:03:42  INFO    [350/457] OK 1130466@alumno.um.edu.mx
11:03:43  INFO    [351/457] OK 1230150@alumno.um.edu.mx
11:03:44  INFO    [352/457] OK 1230295@alumno.um.edu.mx
11:03:45  INFO    [353/457] OK 1250542@alumno.um.edu.mx
11:03:46  INFO    [354/457] OK 1210156@alumno.um.edu.mx
11:03:47  INFO    [355/457] OK 1200486@alumno.um.edu.mx
11:03:48  INFO    [356/457] OK 1210446@alumno.um.edu.mx
11:03:49  INFO    [357/457] OK 1220183@alumno.um.edu.mx
11:03:50  INFO    [358/457] OK 1250642@alumno.um.edu.mx
11:03:52  INFO    [359/457] OK 1250341@alumno.um.edu.mx
11:03:53  INFO    [360/457] OK 1210485@alumno.um.edu.mx
11:03:54  INFO    [361/457] OK 1190521@alumno.um.edu.mx
11:03:55  INFO    [362/457] OK 1240671@alumno.um.edu.mx
11:03:56  INFO    [363/457] OK 1230115@alumno.um.edu.mx
11:03:57  INFO    [364/457] OK 1250212@alumno.um.edu.mx
11:03:58  INFO    [365/457] OK 1190562@alumno.um.edu.mx
11:03:59  INFO    [366/457] OK 1230123@alumno.um.edu.mx
11:04:01  INFO    [367/457] OK 1200310@alumno.um.edu.mx
11:04:02  INFO    [368/457] OK 1150170@alumno.um.edu.mx
11:04:03  INFO    [369/457] OK 1200340@alumno.um.edu.mx
11:04:04  INFO    [370/457] OK 1240478@alumno.um.edu.mx
11:04:05  INFO    [371/457] OK 1210356@alumno.um.edu.mx
11:04:06  INFO    [372/457] OK 1190077@alumno.um.edu.mx
11:04:07  INFO    [373/457] OK 1180726@alumno.um.edu.mx
11:04:08  INFO    [374/457] OK 1180632@alumno.um.edu.mx
11:04:10  INFO    [375/457] OK 1220410@alumno.um.edu.mx
11:04:11  INFO    [376/457] OK 1190404@alumno.um.edu.mx
11:04:12  INFO    [377/457] OK 1220341@alumno.um.edu.mx
11:04:13  INFO    [378/457] OK 1210333@alumno.um.edu.mx
11:04:14  INFO    [379/457] OK 1210396@alumno.um.edu.mx
11:04:15  INFO    [380/457] OK 1220877@alumno.um.edu.mx
11:04:16  INFO    [381/457] OK 1200035@alumno.um.edu.mx
11:04:17  INFO    [382/457] OK 1220535@alumno.um.edu.mx
11:04:19  INFO    [383/457] OK 1210562@alumno.um.edu.mx
11:04:20  INFO    [384/457] OK 1250060@alumno.um.edu.mx
11:04:21  INFO    [385/457] OK 1230492@alumno.um.edu.mx
11:04:22  INFO    [386/457] OK 1250242@alumno.um.edu.mx
11:04:23  INFO    [387/457] OK 1240381@alumno.um.edu.mx
11:04:24  INFO    [388/457] OK 1230208@alumno.um.edu.mx
11:04:25  INFO    [389/457] OK 1230400@alumno.um.edu.mx
11:04:26  INFO    [390/457] OK 1210227@alumno.um.edu.mx
11:04:28  INFO    [391/457] OK 1250287@alumno.um.edu.mx
11:04:29  INFO    [392/457] OK 1220421@alumno.um.edu.mx
11:04:30  INFO    [393/457] OK 1220621@alumno.um.edu.mx
11:04:31  INFO    [394/457] OK 1210318@alumno.um.edu.mx
11:04:32  INFO    [395/457] OK 1250205@alumno.um.edu.mx
11:04:33  INFO    [396/457] OK 1220543@alumno.um.edu.mx
11:04:34  INFO    [397/457] OK 1240134@alumno.um.edu.mx
11:04:35  INFO    [398/457] OK 1210065@alumno.um.edu.mx
11:04:36  INFO    [399/457] OK 1210560@alumno.um.edu.mx
11:04:38  INFO    [400/457] OK 1220428@alumno.um.edu.mx
11:04:38  INFO    Reconectando SMTP (correo #401)...
11:04:40  INFO    [401/457] OK 1240410@alumno.um.edu.mx
11:04:41  INFO    [402/457] OK 1200413@alumno.um.edu.mx
11:04:42  INFO    [403/457] OK 1220287@alumno.um.edu.mx
11:04:44  INFO    [404/457] OK 1230311@alumno.um.edu.mx
11:04:45  INFO    [405/457] OK 1220291@alumno.um.edu.mx
11:04:46  INFO    [406/457] OK 1210220@alumno.um.edu.mx
11:04:47  INFO    [407/457] OK 1250458@alumno.um.edu.mx
11:04:48  INFO    [408/457] OK 1200661@alumno.um.edu.mx
11:04:49  INFO    [409/457] OK 1220134@alumno.um.edu.mx
11:04:51  INFO    [410/457] OK 1240399@alumno.um.edu.mx
11:04:52  INFO    [411/457] OK 1240163@alumno.um.edu.mx
11:04:53  INFO    [412/457] OK 1170678@alumno.um.edu.mx
11:04:54  INFO    [413/457] OK 1200500@alumno.um.edu.mx
11:04:55  INFO    [414/457] OK 1210214@alumno.um.edu.mx
11:04:56  INFO    [415/457] OK 1250243@alumno.um.edu.mx
11:04:57  INFO    [416/457] OK 1210620@alumno.um.edu.mx
11:04:58  INFO    [417/457] OK 1230318@alumno.um.edu.mx
11:04:59  INFO    [418/457] OK 1230209@alumno.um.edu.mx
11:05:01  INFO    [419/457] OK 1190618@alumno.um.edu.mx
11:05:02  INFO    [420/457] OK 1190417@alumno.um.edu.mx
11:05:03  INFO    [421/457] OK 1250180@alumno.um.edu.mx
11:05:04  INFO    [422/457] OK 1150277@alumno.um.edu.mx
11:05:05  INFO    [423/457] OK 1210428@alumno.um.edu.mx
11:05:06  INFO    [424/457] OK 1090595@alumno.um.edu.mx
11:05:07  INFO    [425/457] OK 1190470@alumno.um.edu.mx
11:05:08  INFO    [426/457] OK 1220263@alumno.um.edu.mx
11:05:09  INFO    [427/457] OK 1220172@alumno.um.edu.mx
11:05:11  INFO    [428/457] OK 1240176@alumno.um.edu.mx
11:05:12  INFO    [429/457] OK 1190490@alumno.um.edu.mx
11:05:13  INFO    [430/457] OK 1240543@alumno.um.edu.mx
11:05:14  INFO    [431/457] OK 1250340@alumno.um.edu.mx
11:05:15  INFO    [432/457] OK 1210085@alumno.um.edu.mx
11:05:16  INFO    [433/457] OK 1240184@alumno.um.edu.mx
11:05:17  INFO    [434/457] OK 1230724@alumno.um.edu.mx
11:05:18  INFO    [435/457] OK 1240202@alumno.um.edu.mx
11:05:20  INFO    [436/457] OK 1250354@alumno.um.edu.mx
11:05:21  INFO    [437/457] OK 1240211@alumno.um.edu.mx
11:05:22  INFO    [438/457] OK 1220384@alumno.um.edu.mx
11:05:23  INFO    [439/457] OK 1180733@alumno.um.edu.mx
11:05:24  INFO    [440/457] OK 1200317@alumno.um.edu.mx
11:05:25  INFO    [441/457] OK 1150616@alumno.um.edu.mx
11:05:26  INFO    [442/457] OK 1220564@alumno.um.edu.mx
11:05:28  INFO    [443/457] OK 1250215@alumno.um.edu.mx
11:05:29  INFO    [444/457] OK 1250546@alumno.um.edu.mx
11:05:30  INFO    [445/457] OK 1220085@alumno.um.edu.mx
11:05:31  INFO    [446/457] OK 1230259@alumno.um.edu.mx
11:05:32  INFO    [447/457] OK 1210150@alumno.um.edu.mx
11:05:33  INFO    [448/457] OK 1220415@alumno.um.edu.mx
11:05:34  INFO    [449/457] OK 1220063@alumno.um.edu.mx
11:05:35  INFO    [450/457] OK 1210424@alumno.um.edu.mx
11:05:36  INFO    [451/457] OK 1120769@alumno.um.edu.mx
11:05:38  INFO    [452/457] OK 1220554@alumno.um.edu.mx
11:05:39  INFO    [453/457] OK 1210401@alumno.um.edu.mx
11:05:40  INFO    [454/457] OK 1180680@alumno.um.edu.mx
11:05:41  INFO    [455/457] OK 1180657@alumno.um.edu.mx
11:05:42  INFO    [456/457] OK 1050725@alumno.um.edu.mx
11:05:43  INFO    [457/457] OK 1230227@alumno.um.edu.mx
11:05:44  INFO    --------------------------------------------------
11:05:44  INFO    Enviados totales en esta lista: 452
11:05:44  INFO    Fallidos totales en esta lista: 0
