22:44:51  INFO    Total: 463 | Ya enviados: 0 | Pendientes: 463
22:44:53  INFO    Sesión SMTP iniciada.
22:44:56  INFO    [1/463] ✓ 1240119@alumno.um.edu.mx
22:44:59  INFO    [2/463] ✓ 1250107@alumno.um.edu.mx
22:45:02  INFO    [3/463] ✓ 1240570@alumno.um.edu.mx
22:45:05  INFO    [4/463] ✓ 1180567@alumno.um.edu.mx
22:45:08  INFO    [5/463] ✓ 1210565@alumno.um.edu.mx
22:45:12  INFO    [6/463] ✓ 1180140@alumno.um.edu.mx
22:45:15  INFO    [7/463] ✓ 1180605@alumno.um.edu.mx
22:45:18  INFO    [8/463] ✓ 1250575@alumno.um.edu.mx
22:45:21  INFO    [9/463] ✓ 1250644@alumno.um.edu.mx
22:45:24  INFO    [10/463] ✓ 1240574@alumno.um.edu.mx
22:45:27  INFO    [11/463] ✓ 1240527@alumno.um.edu.mx
22:45:31  INFO    [12/463] ✓ 1220792@alumno.um.edu.mx
22:45:34  INFO    [13/463] ✓ 1180611@alumno.um.edu.mx
22:45:37  INFO    [14/463] ✓ 1250512@alumno.um.edu.mx
22:45:41  INFO    [15/463] ✓ 1210124@alumno.um.edu.mx
22:45:44  INFO    [16/463] ✓ 1250070@alumno.um.edu.mx
22:45:48  INFO    [17/463] ✓ 1180712@alumno.um.edu.mx
22:45:51  INFO    [18/463] ✓ 1180536@alumno.um.edu.mx
22:45:54  INFO    [19/463] ✓ 1180816@alumno.um.edu.mx
22:45:57  INFO    [20/463] ✓ 1200656@alumno.um.edu.mx
22:46:01  INFO    [21/463] ✓ 1170647@alumno.um.edu.mx
22:46:04  INFO    [22/463] ✓ 1190797@alumno.um.edu.mx
22:46:08  INFO    [23/463] ✓ 1250102@alumno.um.edu.mx
22:46:10  INFO    [24/463] ✓ 1250011@alumno.um.edu.mx
22:46:15  INFO    [25/463] ✓ 1220084@alumno.um.edu.mx
22:46:18  INFO    [26/463] ✓ 1210372@alumno.um.edu.mx
22:46:22  INFO    [27/463] ✓ 1250442@alumno.um.edu.mx
22:46:27  INFO    [28/463] ✓ 1230078@alumno.um.edu.mx
22:46:31  INFO    [29/463] ✓ 1250573@alumno.um.edu.mx
22:46:35  INFO    [30/463] ✓ 1250565@alumno.um.edu.mx
22:46:39  INFO    [31/463] ✓ 1220808@alumno.um.edu.mx
22:46:43  INFO    [32/463] ✓ 1240417@alumno.um.edu.mx
22:46:47  INFO    [33/463] ✓ 1250017@alumno.um.edu.mx
22:46:51  INFO    [34/463] ✓ 1250412@alumno.um.edu.mx
22:46:54  INFO    [35/463] ✓ 1230664@alumno.um.edu.mx
22:46:57  INFO    [36/463] ✓ 1230358@alumno.um.edu.mx
22:47:01  INFO    [37/463] ✓ 1250455@alumno.um.edu.mx
22:47:06  INFO    [38/463] ✓ 1050644@alumno.um.edu.mx
22:47:10  INFO    [39/463] ✓ 1240633@alumno.um.edu.mx
22:47:13  INFO    [40/463] ✓ 1250658@alumno.um.edu.mx
22:47:16  INFO    [41/463] ✓ 1250657@alumno.um.edu.mx
22:47:20  INFO    [42/463] ✓ 1250047@alumno.um.edu.mx
22:47:24  INFO    [43/463] ✓ 1240720@alumno.um.edu.mx
22:47:29  INFO    [44/463] ✓ 1250664@alumno.um.edu.mx
22:47:34  INFO    [45/463] ✓ 1250529@alumno.um.edu.mx
22:47:38  INFO    [46/463] ✓ 1240151@alumno.um.edu.mx
22:47:42  INFO    [47/463] ✓ 1250665@alumno.um.edu.mx
22:47:45  INFO    [48/463] ✓ 1250504@alumno.um.edu.mx
22:47:50  INFO    [49/463] ✓ 1240699@alumno.um.edu.mx
22:47:54  INFO    [50/463] ✓ 1250426@alumno.um.edu.mx
22:47:58  INFO    [51/463] ✓ 1240602@alumno.um.edu.mx
22:48:01  INFO    [52/463] ✓ 1210082@alumno.um.edu.mx
22:48:04  INFO    [53/463] ✓ 1250236@alumno.um.edu.mx
22:48:09  INFO    [54/463] ✓ 1250241@alumno.um.edu.mx
22:48:13  INFO    [55/463] ✓ 1250422@alumno.um.edu.mx
22:48:18  INFO    [56/463] ✓ 1250254@alumno.um.edu.mx
22:48:22  INFO    [57/463] ✓ 1230102@alumno.um.edu.mx
22:48:25  INFO    [58/463] ✓ 1250250@alumno.um.edu.mx
22:48:27  INFO    [59/463] ✓ 1250547@alumno.um.edu.mx
22:48:31  INFO    [60/463] ✓ 1220745@alumno.um.edu.mx
22:48:35  INFO    [61/463] ✓ 1250608@alumno.um.edu.mx
22:48:38  INFO    [62/463] ✓ 1240233@alumno.um.edu.mx
22:48:42  INFO    [63/463] ✓ 1250237@alumno.um.edu.mx
22:48:47  INFO    [64/463] ✓ 1250246@alumno.um.edu.mx
22:48:52  INFO    [65/463] ✓ 1250445@alumno.um.edu.mx
22:48:55  INFO    [66/463] ✓ 1230435@alumno.um.edu.mx
22:49:00  INFO    [67/463] ✓ 1190514@alumno.um.edu.mx
22:49:04  INFO    [68/463] ✓ 1170557@alumno.um.edu.mx
22:49:08  INFO    [69/463] ✓ 1250223@alumno.um.edu.mx
22:49:12  INFO    [70/463] ✓ 1250253@alumno.um.edu.mx
22:49:15  INFO    [71/463] ✓ 1250225@alumno.um.edu.mx
22:49:19  INFO    [72/463] ✓ 1240650@alumno.um.edu.mx
22:49:24  INFO    [73/463] ✓ 1250312@alumno.um.edu.mx
22:49:28  INFO    [74/463] ✓ 1230225@alumno.um.edu.mx
22:49:32  INFO    [75/463] ✓ 1250167@alumno.um.edu.mx
22:49:36  INFO    [76/463] ✓ 1250084@alumno.um.edu.mx
22:49:40  INFO    [77/463] ✓ 1240565@alumno.um.edu.mx
22:49:44  INFO    [78/463] ✓ 1240533@alumno.um.edu.mx
22:49:47  INFO    [79/463] ✓ 1250103@alumno.um.edu.mx
22:49:52  INFO    [80/463] ✓ 1230087@alumno.um.edu.mx
22:49:53  INFO    Reconectando SMTP (correo #81)...
22:49:59  INFO    [81/463] ✓ 1250432@alumno.um.edu.mx
22:50:03  INFO    [82/463] ✓ 1070724@alumno.um.edu.mx
22:50:07  INFO    [83/463] ✓ 1250279@alumno.um.edu.mx
22:50:12  INFO    [84/463] ✓ 1250280@alumno.um.edu.mx
22:50:17  INFO    [85/463] ✓ 1230098@alumno.um.edu.mx
22:50:21  INFO    [86/463] ✓ 1170531@alumno.um.edu.mx
22:50:25  INFO    [87/463] ✓ 1220503@alumno.um.edu.mx
22:50:29  INFO    [88/463] ✓ 1240267@alumno.um.edu.mx
22:50:32  INFO    [89/463] ✓ 1230369@alumno.um.edu.mx
22:50:36  INFO    [90/463] ✓ 1240295@alumno.um.edu.mx
22:50:40  INFO    [91/463] ✓ 1210373@alumno.um.edu.mx
22:50:46  INFO    [92/463] ✓ 1180658@alumno.um.edu.mx
22:50:50  INFO    [93/463] ✓ 1240073@alumno.um.edu.mx
22:50:54  INFO    [94/463] ✓ 1230748@alumno.um.edu.mx
22:50:58  INFO    [95/463] ✓ 1190621@alumno.um.edu.mx
22:51:04  INFO    [96/463] ✓ 1250325@alumno.um.edu.mx
22:51:08  INFO    [97/463] ✓ 1250281@alumno.um.edu.mx
22:51:12  INFO    [98/463] ✓ 1230475@alumno.um.edu.mx
22:51:15  INFO    [99/463] ✓ 1230177@alumno.um.edu.mx
22:51:20  INFO    [100/463] ✓ 1230785@alumno.um.edu.mx
22:51:22  INFO    [101/463] ✓ 1220212@alumno.um.edu.mx
22:51:27  INFO    [102/463] ✓ 1220394@alumno.um.edu.mx
22:51:32  INFO    [103/463] ✓ 1240193@alumno.um.edu.mx
22:51:35  INFO    [104/463] ✓ 1210463@alumno.um.edu.mx
22:51:39  INFO    [105/463] ✓ 1230368@alumno.um.edu.mx
22:51:43  INFO    [106/463] ✓ 1250358@alumno.um.edu.mx
22:51:46  INFO    [107/463] ✓ 1190559@alumno.um.edu.mx
22:51:50  INFO    [108/463] ✓ 1240266@alumno.um.edu.mx
22:51:54  INFO    [109/463] ✓ 1210089@alumno.um.edu.mx
22:51:59  INFO    [110/463] ✓ 1170176@alumno.um.edu.mx
22:52:02  INFO    [111/463] ✓ 1220459@alumno.um.edu.mx
22:52:05  INFO    [112/463] ✓ 1240517@alumno.um.edu.mx
22:52:09  INFO    [113/463] ✓ 1160429@alumno.um.edu.mx
22:52:12  INFO    [114/463] ✓ 1220299@alumno.um.edu.mx
22:52:14  INFO    [115/463] ✓ 1250174@alumno.um.edu.mx
22:52:17  INFO    [116/463] ✓ 1220430@alumno.um.edu.mx
22:52:20  INFO    [117/463] ✓ 1220796@alumno.um.edu.mx
22:52:23  INFO    [118/463] ✓ 1250109@alumno.um.edu.mx
22:52:25  INFO    [119/463] ✓ 1240265@alumno.um.edu.mx
22:52:28  INFO    [120/463] ✓ 1210407@alumno.um.edu.mx
22:52:31  INFO    [121/463] ✓ 1220065@alumno.um.edu.mx
22:52:34  INFO    [122/463] ✓ 1230510@alumno.um.edu.mx
22:52:37  INFO    [123/463] ✓ 1210289@alumno.um.edu.mx
22:52:40  INFO    [124/463] ✓ 1180678@alumno.um.edu.mx
22:52:42  INFO    [125/463] ✓ 1230240@alumno.um.edu.mx
22:52:45  INFO    [126/463] ✓ 1210336@alumno.um.edu.mx
22:52:48  INFO    [127/463] ✓ 1230264@alumno.um.edu.mx
22:52:51  INFO    [128/463] ✓ 1250359@alumno.um.edu.mx
22:52:54  INFO    [129/463] ✓ 1250638@alumno.um.edu.mx
22:52:58  INFO    [130/463] ✓ 1220726@alumno.um.edu.mx
22:53:01  INFO    [131/463] ✓ 1210338@alumno.um.edu.mx
22:53:04  INFO    [132/463] ✓ 1250140@alumno.um.edu.mx
22:53:07  INFO    [133/463] ✓ 1170204@alumno.um.edu.mx
22:53:10  INFO    [134/463] ✓ 1250108@alumno.um.edu.mx
22:53:14  INFO    [135/463] ✓ 1230095@alumno.um.edu.mx
22:53:17  INFO    [136/463] ✓ 1210148@alumno.um.edu.mx
22:53:19  INFO    [137/463] ✓ 1220600@alumno.um.edu.mx
22:53:22  INFO    [138/463] ✓ 1200530@alumno.um.edu.mx
22:53:25  INFO    [139/463] ✓ 1190630@alumno.um.edu.mx
22:53:28  INFO    [140/463] ✓ 1230153@alumno.um.edu.mx
22:53:31  INFO    [141/463] ✓ 1220867@alumno.um.edu.mx
22:53:35  INFO    [142/463] ✓ 1220482@alumno.um.edu.mx
22:53:37  INFO    [143/463] ✓ 1250397@alumno.um.edu.mx
22:53:41  INFO    [144/463] ✓ 1250175@alumno.um.edu.mx
22:53:44  INFO    [145/463] ✓ 1170938@alumno.um.edu.mx
22:53:47  INFO    [146/463] ✓ 1220546@alumno.um.edu.mx
22:53:50  INFO    [147/463] ✓ 1240104@alumno.um.edu.mx
22:53:53  INFO    [148/463] ✓ 1230671@alumno.um.edu.mx
22:53:55  INFO    [149/463] ✓ 1240571@alumno.um.edu.mx
22:53:59  INFO    [150/463] ✓ 1230238@alumno.um.edu.mx
22:54:03  INFO    [151/463] ✓ 1250464@alumno.um.edu.mx
22:54:06  INFO    [152/463] ✓ 1200410@alumno.um.edu.mx
22:54:09  INFO    [153/463] ✓ 1180421@alumno.um.edu.mx
22:54:12  INFO    [154/463] ✓ 1210267@alumno.um.edu.mx
22:54:16  INFO    [155/463] ✓ 1240294@alumno.um.edu.mx
22:54:18  INFO    [156/463] ✓ 1160333@alumno.um.edu.mx
22:54:20  INFO    [157/463] ✓ 1240367@alumno.um.edu.mx
22:54:23  INFO    [158/463] ✓ 1220542@alumno.um.edu.mx
22:54:26  INFO    [159/463] ✓ 1220541@alumno.um.edu.mx
22:54:29  INFO    [160/463] ✓ 1230524@alumno.um.edu.mx
22:54:30  INFO    Reconectando SMTP (correo #161)...
22:54:32  INFO    [161/463] ✓ 1220552@alumno.um.edu.mx
22:54:35  INFO    [162/463] ✓ 1220169@alumno.um.edu.mx
22:54:38  INFO    [163/463] ✓ 1210224@alumno.um.edu.mx
22:54:40  INFO    [164/463] ✓ 1190619@alumno.um.edu.mx
22:54:43  INFO    [165/463] ✓ 1210270@alumno.um.edu.mx
22:54:45  INFO    [166/463] ✓ 1250251@alumno.um.edu.mx
22:54:47  INFO    [167/463] ✓ 1210353@alumno.um.edu.mx
22:54:49  INFO    [168/463] ✓ 1240331@alumno.um.edu.mx
22:54:51  INFO    [169/463] ✓ 1240074@alumno.um.edu.mx
22:54:53  INFO    [170/463] ✓ 1190080@alumno.um.edu.mx
22:54:55  INFO    [171/463] ✓ 1190483@alumno.um.edu.mx
22:54:57  INFO    [172/463] ✓ 1210209@alumno.um.edu.mx
22:54:59  INFO    [173/463] ✓ 1230784@alumno.um.edu.mx
22:55:01  INFO    [174/463] ✓ 1250460@alumno.um.edu.mx
22:55:04  INFO    [175/463] ✓ 1250348@alumno.um.edu.mx
22:55:07  INFO    [176/463] ✓ 1200361@alumno.um.edu.mx
22:55:09  INFO    [177/463] ✓ 1190432@alumno.um.edu.mx
22:55:12  INFO    [178/463] ✓ 1200411@alumno.um.edu.mx
22:55:15  INFO    [179/463] ✓ 1250580@alumno.um.edu.mx
22:55:17  INFO    [180/463] ✓ 1220679@alumno.um.edu.mx
22:55:18  INFO    [181/463] ✓ 1200550@alumno.um.edu.mx
22:55:20  INFO    [182/463] ✓ 1240425@alumno.um.edu.mx
22:55:22  INFO    [183/463] ✓ 1240327@alumno.um.edu.mx
22:55:25  INFO    [184/463] ✓ 1190887@alumno.um.edu.mx
22:55:27  INFO    [185/463] ✓ 1210515@alumno.um.edu.mx
22:55:29  INFO    [186/463] ✓ 1220903@alumno.um.edu.mx
22:55:31  INFO    [187/463] ✓ 1240412@alumno.um.edu.mx
22:55:33  INFO    [188/463] ✓ 1230708@alumno.um.edu.mx
22:55:35  INFO    [189/463] ✓ 1230372@alumno.um.edu.mx
22:55:37  INFO    [190/463] ✓ 1230394@alumno.um.edu.mx
22:55:39  INFO    [191/463] ✓ 1240325@alumno.um.edu.mx
22:55:41  INFO    [192/463] ✓ 1240504@alumno.um.edu.mx
22:55:43  INFO    [193/463] ✓ 1200574@alumno.um.edu.mx
22:55:45  INFO    [194/463] ✓ 1220611@alumno.um.edu.mx
22:55:47  INFO    [195/463] ✓ 1230217@alumno.um.edu.mx
22:55:51  INFO    [196/463] ✓ 1250589@alumno.um.edu.mx
22:55:53  INFO    [197/463] ✓ 1180705@alumno.um.edu.mx
22:55:55  INFO    [198/463] ✓ 1240219@alumno.um.edu.mx
22:55:57  INFO    [199/463] ✓ 1150462@alumno.um.edu.mx
22:55:59  INFO    [200/463] ✓ 1210377@alumno.um.edu.mx
22:56:01  INFO    [201/463] ✓ 1240166@alumno.um.edu.mx
22:56:03  INFO    [202/463] ✓ 1250347@alumno.um.edu.mx
22:56:05  INFO    [203/463] ✓ 1190875@alumno.um.edu.mx
22:56:08  INFO    [204/463] ✓ 1220640@alumno.um.edu.mx
22:56:11  INFO    [205/463] ✓ 1220470@alumno.um.edu.mx
22:56:13  INFO    [206/463] ✓ 1220556@alumno.um.edu.mx
22:56:15  INFO    [207/463] ✓ 1190412@alumno.um.edu.mx
22:56:17  INFO    [208/463] ✓ 1200425@alumno.um.edu.mx
22:56:19  INFO    [209/463] ✓ 1190429@alumno.um.edu.mx
22:56:21  INFO    [210/463] ✓ 1181148@alumno.um.edu.mx
22:56:24  INFO    [211/463] ✓ 1200497@alumno.um.edu.mx
22:56:26  INFO    [212/463] ✓ 1190845@alumno.um.edu.mx
22:56:28  INFO    [213/463] ✓ 1220519@alumno.um.edu.mx
22:56:30  INFO    [214/463] ✓ 1230705@alumno.um.edu.mx
22:56:32  INFO    [215/463] ✓ 1220378@alumno.um.edu.mx
22:56:36  INFO    [216/463] ✓ 1230352@alumno.um.edu.mx
22:56:38  INFO    [217/463] ✓ 1190704@alumno.um.edu.mx
22:56:40  INFO    [218/463] ✓ 1220509@alumno.um.edu.mx
22:56:42  INFO    [219/463] ✓ 1220515@alumno.um.edu.mx
22:56:44  INFO    [220/463] ✓ 1190348@alumno.um.edu.mx
22:56:46  INFO    [221/463] ✓ 1200376@alumno.um.edu.mx
22:56:48  INFO    [222/463] ✓ 1170040@alumno.um.edu.mx
22:56:50  INFO    [223/463] ✓ 1200309@alumno.um.edu.mx
22:56:53  INFO    [224/463] ✓ 1210495@alumno.um.edu.mx
22:56:55  INFO    [225/463] ✓ 1230509@alumno.um.edu.mx
22:56:57  INFO    [226/463] ✓ 1190370@alumno.um.edu.mx
22:56:59  INFO    [227/463] ✓ 1220558@alumno.um.edu.mx
22:57:01  INFO    [228/463] ✓ 1240338@alumno.um.edu.mx
22:57:03  INFO    [229/463] ✓ 1170879@alumno.um.edu.mx
22:57:05  INFO    [230/463] ✓ 1210074@alumno.um.edu.mx
22:57:08  INFO    [231/463] ✓ 1210107@alumno.um.edu.mx
22:57:10  INFO    [232/463] ✓ 1110183@alumno.um.edu.mx
22:57:12  INFO    [233/463] ✓ 1190453@alumno.um.edu.mx
22:57:14  INFO    [234/463] ✓ 1210399@alumno.um.edu.mx
22:57:16  INFO    [235/463] ✓ 1160794@alumno.um.edu.mx
22:57:18  INFO    [236/463] ✓ 1250345@alumno.um.edu.mx
22:57:20  INFO    [237/463] ✓ 1230331@alumno.um.edu.mx
22:57:22  INFO    [238/463] ✓ 1230234@alumno.um.edu.mx
22:57:25  INFO    [239/463] ✓ 1220791@alumno.um.edu.mx
22:57:26  INFO    [240/463] ✓ 1210321@alumno.um.edu.mx
22:57:27  INFO    Reconectando SMTP (correo #241)...
22:57:32  INFO    [241/463] ✓ 1200489@alumno.um.edu.mx
22:57:35  INFO    [242/463] ✓ 1180851@alumno.um.edu.mx
22:57:39  INFO    [243/463] ✓ 1190509@alumno.um.edu.mx
22:57:41  INFO    [244/463] ✓ 1200222@alumno.um.edu.mx
22:57:45  INFO    [245/463] ✓ 1180099@alumno.um.edu.mx
22:57:49  INFO    [246/463] ✓ 1200332@alumno.um.edu.mx
22:57:53  INFO    [247/463] ✓ 1200246@alumno.um.edu.mx
22:57:58  INFO    [248/463] ✓ 1180269@alumno.um.edu.mx
22:58:02  INFO    [249/463] ✓ 1200358@alumno.um.edu.mx
22:58:06  INFO    [250/463] ✓ 1200243@alumno.um.edu.mx
22:58:09  INFO    [251/463] ✓ 1220213@alumno.um.edu.mx
22:58:12  INFO    [252/463] ✓ 1230823@alumno.um.edu.mx
22:58:15  INFO    [253/463] ✓ 1230333@alumno.um.edu.mx
22:58:19  INFO    [254/463] ✓ 1210202@alumno.um.edu.mx
22:58:23  INFO    [255/463] ✓ 1190846@alumno.um.edu.mx
22:58:26  INFO    [256/463] ✓ 1180751@alumno.um.edu.mx
22:58:29  INFO    [257/463] ✓ 1220623@alumno.um.edu.mx
22:58:33  INFO    [258/463] ✓ 1230539@alumno.um.edu.mx
22:58:36  INFO    [259/463] ✓ 1200496@alumno.um.edu.mx
22:58:38  INFO    [260/463] ✓ 1240297@alumno.um.edu.mx
22:58:43  INFO    [261/463] ✓ 1240503@alumno.um.edu.mx
22:58:47  INFO    [262/463] ✓ 1230594@alumno.um.edu.mx
22:58:50  INFO    [263/463] ✓ 1240155@alumno.um.edu.mx
22:58:53  INFO    [264/463] ✓ 1230374@alumno.um.edu.mx
22:58:57  INFO    [265/463] ✓ 1250185@alumno.um.edu.mx
22:59:00  INFO    [266/463] ✓ 1220235@alumno.um.edu.mx
22:59:04  INFO    [267/463] ✓ 1190448@alumno.um.edu.mx
22:59:07  INFO    [268/463] ✓ 1230523@alumno.um.edu.mx
22:59:11  INFO    [269/463] ✓ 1210426@alumno.um.edu.mx
22:59:15  INFO    [270/463] ✓ 1240403@alumno.um.edu.mx
22:59:17  INFO    [271/463] ✓ 1240196@alumno.um.edu.mx
22:59:21  INFO    [272/463] ✓ 1220381@alumno.um.edu.mx
22:59:25  INFO    [273/463] ✓ 1250392@alumno.um.edu.mx
22:59:30  INFO    [274/463] ✓ 1230216@alumno.um.edu.mx
22:59:34  INFO    [275/463] ✓ 1230233@alumno.um.edu.mx
22:59:37  INFO    [276/463] ✓ 1200575@alumno.um.edu.mx
22:59:41  INFO    [277/463] ✓ 1150612@alumno.um.edu.mx
22:59:46  INFO    [278/463] ✓ 1200244@alumno.um.edu.mx
22:59:51  INFO    [279/463] ✓ 1070111@alumno.um.edu.mx
22:59:54  INFO    [280/463] ✓ 1190522@alumno.um.edu.mx
22:59:59  INFO    [281/463] ✓ 1230822@alumno.um.edu.mx
23:00:03  INFO    [282/463] ✓ 1250356@alumno.um.edu.mx
23:00:08  INFO    [283/463] ✓ 1230152@alumno.um.edu.mx
23:00:12  INFO    [284/463] ✓ 1250514@alumno.um.edu.mx
23:00:15  INFO    [285/463] ✓ 1230119@alumno.um.edu.mx
23:00:18  INFO    [286/463] ✓ 1180482@alumno.um.edu.mx
23:00:21  INFO    [287/463] ✓ 1220639@alumno.um.edu.mx
23:00:25  INFO    [288/463] ✓ 1210292@alumno.um.edu.mx
23:00:29  INFO    [289/463] ✓ 1210182@alumno.um.edu.mx
23:00:34  INFO    [290/463] ✓ 1250459@alumno.um.edu.mx
23:00:38  INFO    [291/463] ✓ 1230655@alumno.um.edu.mx
23:00:42  INFO    [292/463] ✓ 1180444@alumno.um.edu.mx
23:00:45  INFO    [293/463] ✓ 1220557@alumno.um.edu.mx
23:00:49  INFO    [294/463] ✓ 1220388@alumno.um.edu.mx
23:00:52  INFO    [295/463] ✓ 1200306@alumno.um.edu.mx
23:00:55  INFO    [296/463] ✓ 1180166@alumno.um.edu.mx
23:00:58  INFO    [297/463] ✓ 1200360@alumno.um.edu.mx
23:01:01  INFO    [298/463] ✓ 1200119@alumno.um.edu.mx
23:01:03  INFO    [299/463] ✓ 1210304@alumno.um.edu.mx
23:01:06  INFO    [300/463] ✓ 1220559@alumno.um.edu.mx
23:01:09  INFO    [301/463] ✓ 1230323@alumno.um.edu.mx
23:01:11  INFO    [302/463] ✓ 1220506@alumno.um.edu.mx
23:01:14  INFO    [303/463] ✓ 1190857@alumno.um.edu.mx
23:01:16  INFO    [304/463] ✓ 1200241@alumno.um.edu.mx
23:01:19  INFO    [305/463] ✓ 1230482@alumno.um.edu.mx
23:01:22  INFO    [306/463] ✓ 1190532@alumno.um.edu.mx
23:01:25  INFO    [307/463] ✓ 1210273@alumno.um.edu.mx
23:01:28  INFO    [308/463] ✓ 1250372@alumno.um.edu.mx
23:01:31  INFO    [309/463] ✓ 1240395@alumno.um.edu.mx
23:01:34  INFO    [310/463] ✓ 1250164@alumno.um.edu.mx
23:01:37  INFO    [311/463] ✓ 1230228@alumno.um.edu.mx
23:01:40  INFO    [312/463] ✓ 1230367@alumno.um.edu.mx
23:01:43  INFO    [313/463] ✓ 1250199@alumno.um.edu.mx
23:01:45  INFO    [314/463] ✓ 1210371@alumno.um.edu.mx
23:01:48  INFO    [315/463] ✓ 1230387@alumno.um.edu.mx
23:01:51  INFO    [316/463] ✓ 1250639@alumno.um.edu.mx
23:01:53  INFO    [317/463] ✓ 1150701@alumno.um.edu.mx
23:01:56  INFO    [318/463] ✓ 1240239@alumno.um.edu.mx
23:01:59  INFO    [319/463] ✓ 1210291@alumno.um.edu.mx
23:02:02  INFO    [320/463] ✓ 1190120@alumno.um.edu.mx
23:02:03  INFO    Reconectando SMTP (correo #321)...
23:02:09  INFO    [321/463] ✓ 1061026@alumno.um.edu.mx
23:02:11  INFO    [322/463] ✓ 1190847@alumno.um.edu.mx
23:02:13  INFO    [323/463] ✓ 1250380@alumno.um.edu.mx
23:02:17  INFO    [324/463] ✓ 1180845@alumno.um.edu.mx
23:02:19  INFO    [325/463] ✓ 1230542@alumno.um.edu.mx
23:02:21  INFO    [326/463] ✓ 1240292@alumno.um.edu.mx
23:02:24  INFO    [327/463] ✓ 1180679@alumno.um.edu.mx
23:02:27  INFO    [328/463] ✓ 1100061@alumno.um.edu.mx
23:02:30  INFO    [329/463] ✓ 1180815@alumno.um.edu.mx
23:02:33  INFO    [330/463] ✓ 1230151@alumno.um.edu.mx
23:02:36  INFO    [331/463] ✓ 1250495@alumno.um.edu.mx
23:02:39  INFO    [332/463] ✓ 1240197@alumno.um.edu.mx
23:02:42  INFO    [333/463] ✓ 1230309@alumno.um.edu.mx
23:02:44  INFO    [334/463] ✓ 1240192@alumno.um.edu.mx
23:02:47  INFO    [335/463] ✓ 1240396@alumno.um.edu.mx
23:02:49  INFO    [336/463] ✓ 1250088@alumno.um.edu.mx
23:02:51  INFO    [337/463] ✓ 1230819@alumno.um.edu.mx
23:02:54  INFO    [338/463] ✓ 1230204@alumno.um.edu.mx
23:02:57  INFO    [339/463] ✓ 1200421@alumno.um.edu.mx
23:02:59  INFO    [340/463] ✓ 1230602@alumno.um.edu.mx
23:03:01  INFO    [341/463] ✓ 1230650@alumno.um.edu.mx
23:03:05  INFO    [342/463] ✓ 1240362@alumno.um.edu.mx
23:03:08  INFO    [343/463] ✓ 1230662@alumno.um.edu.mx
23:03:11  INFO    [344/463] ✓ 1180552@alumno.um.edu.mx
23:03:13  INFO    [345/463] ✓ 1220226@alumno.um.edu.mx
23:03:16  INFO    [346/463] ✓ 1250143@alumno.um.edu.mx
23:03:20  INFO    [347/463] ✓ 1240363@alumno.um.edu.mx
23:03:23  INFO    [348/463] ✓ 1240089@alumno.um.edu.mx
23:03:25  INFO    [349/463] ✓ 1200031@alumno.um.edu.mx
23:03:27  INFO    [350/463] ✓ 1230709@alumno.um.edu.mx
23:03:30  INFO    [351/463] ✓ 1240282@alumno.um.edu.mx
23:03:32  INFO    [352/463] ✓ 1210299@alumno.um.edu.mx
23:03:35  INFO    [353/463] ✓ 1230261@alumno.um.edu.mx
23:03:37  INFO    [354/463] ✓ 1250394@alumno.um.edu.mx
23:03:39  INFO    [355/463] ✓ 1220645@alumno.um.edu.mx
23:03:43  INFO    [356/463] ✓ 1180511@alumno.um.edu.mx
23:03:45  INFO    [357/463] ✓ 1170512@alumno.um.edu.mx
23:03:49  INFO    [358/463] ✓ 1220270@alumno.um.edu.mx
23:03:51  INFO    [359/463] ✓ 1200223@alumno.um.edu.mx
23:03:54  INFO    [360/463] ✓ 1240069@alumno.um.edu.mx
23:03:58  INFO    [361/463] ✓ 1250142@alumno.um.edu.mx
23:04:00  INFO    [362/463] ✓ 1210602@alumno.um.edu.mx
23:04:04  INFO    [363/463] ✓ 1240200@alumno.um.edu.mx
23:04:07  INFO    [364/463] ✓ 1250474@alumno.um.edu.mx
23:04:10  INFO    [365/463] ✓ 1230187@alumno.um.edu.mx
23:04:13  INFO    [366/463] ✓ 1220232@alumno.um.edu.mx
23:04:17  INFO    [367/463] ✓ 1230402@alumno.um.edu.mx
23:04:20  INFO    [368/463] ✓ 1250408@alumno.um.edu.mx
23:04:24  INFO    [369/463] ✓ 1230533@alumno.um.edu.mx
23:04:26  INFO    [370/463] ✓ 1210149@alumno.um.edu.mx
23:04:29  INFO    [371/463] ✓ 1240156@alumno.um.edu.mx
23:04:31  INFO    [372/463] ✓ 1190589@alumno.um.edu.mx
23:04:33  INFO    [373/463] ✓ 1240234@alumno.um.edu.mx
23:04:35  INFO    [374/463] ✓ 1200233@alumno.um.edu.mx
23:04:39  INFO    [375/463] ✓ 1250484@alumno.um.edu.mx
23:04:43  INFO    [376/463] ✓ 1250630@alumno.um.edu.mx
23:04:46  INFO    [377/463] ✓ 1220520@alumno.um.edu.mx
23:04:48  INFO    [378/463] ✓ 1200199@alumno.um.edu.mx
23:04:52  INFO    [379/463] ✓ 1250041@alumno.um.edu.mx
23:04:54  INFO    [380/463] ✓ 1240181@alumno.um.edu.mx
23:04:57  INFO    [381/463] ✓ 1180831@alumno.um.edu.mx
23:05:00  INFO    [382/463] ✓ 1230652@alumno.um.edu.mx
23:05:03  INFO    [383/463] ✓ 1190118@alumno.um.edu.mx
23:05:06  INFO    [384/463] ✓ 1190686@alumno.um.edu.mx
23:05:08  INFO    [385/463] ✓ 1220670@alumno.um.edu.mx
23:05:11  INFO    [386/463] ✓ 1210388@alumno.um.edu.mx
23:05:14  INFO    [387/463] ✓ 1250507@alumno.um.edu.mx
23:05:17  INFO    [388/463] ✓ 1250048@alumno.um.edu.mx
23:05:20  INFO    [389/463] ✓ 1250629@alumno.um.edu.mx
23:05:23  INFO    [390/463] ✓ 1160590@alumno.um.edu.mx
23:05:26  INFO    [391/463] ✓ 1240721@alumno.um.edu.mx
23:05:30  INFO    [392/463] ✓ 1200736@alumno.um.edu.mx
23:05:32  INFO    [393/463] ✓ 1210132@alumno.um.edu.mx
23:05:35  INFO    [394/463] ✓ 1210084@alumno.um.edu.mx
23:05:38  INFO    [395/463] ✓ 1210408@alumno.um.edu.mx
23:05:40  INFO    [396/463] ✓ 1180272@alumno.um.edu.mx
23:05:43  INFO    [397/463] ✓ 1220250@alumno.um.edu.mx
23:05:46  INFO    [398/463] ✓ 1190306@alumno.um.edu.mx
23:05:48  INFO    [399/463] ✓ 1240023@alumno.um.edu.mx
23:05:52  INFO    [400/463] ✓ 1180861@alumno.um.edu.mx
23:05:53  INFO    Reconectando SMTP (correo #401)...
23:05:57  INFO    [401/463] ✓ 1240109@alumno.um.edu.mx
23:05:59  INFO    [402/463] ✓ 1210330@alumno.um.edu.mx
23:06:01  INFO    [403/463] ✓ 1220703@alumno.um.edu.mx
23:06:04  INFO    [404/463] ✓ 1240182@alumno.um.edu.mx
23:06:08  INFO    [405/463] ✓ 1240198@alumno.um.edu.mx
23:06:10  INFO    [406/463] ✓ 1230397@alumno.um.edu.mx
23:06:13  INFO    [407/463] ✓ 1240187@alumno.um.edu.mx
23:06:15  INFO    [408/463] ✓ 1230278@alumno.um.edu.mx
23:06:17  INFO    [409/463] ✓ 1220444@alumno.um.edu.mx
23:06:19  INFO    [410/463] ✓ 1220789@alumno.um.edu.mx
23:06:22  INFO    [411/463] ✓ 1210591@alumno.um.edu.mx
23:06:24  INFO    [412/463] ✓ 1210302@alumno.um.edu.mx
23:06:26  INFO    [413/463] ✓ 1230298@alumno.um.edu.mx
23:06:28  INFO    [414/463] ✓ 1250119@alumno.um.edu.mx
23:06:30  INFO    [415/463] ✓ 1230817@alumno.um.edu.mx
23:06:32  INFO    [416/463] ✓ 1230211@alumno.um.edu.mx
23:06:34  INFO    [417/463] ✓ 1250559@alumno.um.edu.mx
23:06:36  INFO    [418/463] ✓ 1220170@alumno.um.edu.mx
23:06:39  INFO    [419/463] ✓ 1220813@alumno.um.edu.mx
23:06:41  INFO    [420/463] ✓ 1240498@alumno.um.edu.mx
23:06:43  INFO    [421/463] ✓ 1210268@alumno.um.edu.mx
23:06:45  INFO    [422/463] ✓ 1220070@alumno.um.edu.mx
23:06:47  INFO    [423/463] ✓ 1160936@alumno.um.edu.mx
23:06:50  INFO    [424/463] ✓ 1250209@alumno.um.edu.mx
23:06:52  INFO    [425/463] ✓ 1240647@alumno.um.edu.mx
23:06:55  INFO    [426/463] ✓ 1220127@alumno.um.edu.mx
23:06:57  INFO    [427/463] ✓ 1190892@alumno.um.edu.mx
23:06:59  INFO    [428/463] ✓ 1240160@alumno.um.edu.mx
23:07:02  INFO    [429/463] ✓ 1210566@alumno.um.edu.mx
23:07:04  INFO    [430/463] ✓ 1250500@alumno.um.edu.mx
23:07:08  INFO    [431/463] ✓ 1230490@alumno.um.edu.mx
23:07:10  INFO    [432/463] ✓ 1220171@alumno.um.edu.mx
23:07:12  INFO    [433/463] ✓ 1220563@alumno.um.edu.mx
23:07:15  INFO    [434/463] ✓ 1240229@alumno.um.edu.mx
23:07:17  INFO    [435/463] ✓ 1240495@alumno.um.edu.mx
23:07:19  INFO    [436/463] ✓ 1230205@alumno.um.edu.mx
23:07:22  INFO    [437/463] ✓ 1250156@alumno.um.edu.mx
23:07:24  INFO    [438/463] ✓ 1230313@alumno.um.edu.mx
23:07:26  INFO    [439/463] ✓ 1220177@alumno.um.edu.mx
23:07:28  INFO    [440/463] ✓ 1200387@alumno.um.edu.mx
23:07:30  INFO    [441/463] ✓ 1250566@alumno.um.edu.mx
23:07:33  INFO    [442/463] ✓ 1230197@alumno.um.edu.mx
23:07:35  INFO    [443/463] ✓ 1230353@alumno.um.edu.mx
23:07:38  INFO    [444/463] ✓ 1220875@alumno.um.edu.mx
23:07:40  INFO    [445/463] ✓ 1240715@alumno.um.edu.mx
23:07:42  INFO    [446/463] ✓ 1180667@alumno.um.edu.mx
23:07:45  INFO    [447/463] ✓ 1220549@alumno.um.edu.mx
23:07:48  INFO    [448/463] ✓ 1240463@alumno.um.edu.mx
23:07:51  INFO    [449/463] ✓ 1220044@alumno.um.edu.mx
23:07:53  INFO    [450/463] ✓ 1160757@alumno.um.edu.mx
23:07:55  INFO    [451/463] ✓ 1190215@alumno.um.edu.mx
23:07:57  INFO    [452/463] ✓ 1170247@alumno.um.edu.mx
23:07:59  INFO    [453/463] ✓ 1220057@alumno.um.edu.mx
23:08:01  INFO    [454/463] ✓ 1220742@alumno.um.edu.mx
23:08:04  INFO    [455/463] ✓ 1240183@alumno.um.edu.mx
23:08:07  INFO    [456/463] ✓ 1240194@alumno.um.edu.mx
23:08:10  INFO    [457/463] ✓ 1230613@alumno.um.edu.mx
23:08:12  INFO    [458/463] ✓ 1220702@alumno.um.edu.mx
23:08:14  INFO    [459/463] ✓ 1100054@alumno.um.edu.mx
23:08:16  INFO    [460/463] ✓ 1180078@alumno.um.edu.mx
23:08:18  INFO    [461/463] ✓ 1240333@alumno.um.edu.mx
23:08:20  INFO    [462/463] ✓ 1212029@alumno.um.edu.mx
23:08:22  INFO    [463/463] ✓ 1250044@alumno.um.edu.mx
23:08:23  INFO    ──────────────────────────────────────────────────
23:08:23  INFO    Enviados totales : 463
23:08:23  INFO    Fallidos totales : 0
