11:13:34  INFO    Lista: correosum_parte_01.txt | Total: 458 | Ya enviados: 0 | Pendientes: 458
11:13:35  INFO    Sesion SMTP iniciada.
11:13:35  INFO    [1/458] OK 1240467@alumno.um.edu.mx
11:13:37  INFO    [2/458] OK 1180565@alumno.um.edu.mx
11:13:38  INFO    [3/458] OK 1220699@alumno.um.edu.mx
11:13:39  INFO    [4/458] OK 1250491@alumno.um.edu.mx
11:13:40  INFO    [5/458] OK 1160246@alumno.um.edu.mx
11:13:41  INFO    [6/458] OK 1200293@alumno.um.edu.mx
11:13:42  INFO    [7/458] OK 1170748@alumno.um.edu.mx
11:13:43  INFO    [8/458] OK 1190488@alumno.um.edu.mx
11:13:44  INFO    [9/458] OK 1200448@alumno.um.edu.mx
11:13:45  INFO    [10/458] OK 1150229@alumno.um.edu.mx
11:13:47  INFO    [11/458] OK 1180653@alumno.um.edu.mx
11:13:48  INFO    [12/458] OK 1190425@alumno.um.edu.mx
11:13:49  INFO    [13/458] OK 1160441@alumno.um.edu.mx
11:13:50  INFO    [14/458] OK 1180404@alumno.um.edu.mx
11:13:51  INFO    [15/458] OK 1160378@alumno.um.edu.mx
11:13:52  INFO    [16/458] OK 1170546@alumno.um.edu.mx
11:13:53  INFO    [17/458] OK 1050597@alumno.um.edu.mx
11:13:54  INFO    [18/458] OK 1180399@alumno.um.edu.mx
11:13:56  INFO    [19/458] OK 1170729@alumno.um.edu.mx
11:13:57  INFO    [20/458] OK 1240045@alumno.um.edu.mx
11:13:58  INFO    [21/458] OK 1170438@alumno.um.edu.mx
11:13:59  INFO    [22/458] OK 1230316@alumno.um.edu.mx
11:14:00  INFO    [23/458] OK 1240383@alumno.um.edu.mx
11:14:01  INFO    [24/458] OK 1240322@alumno.um.edu.mx
11:14:02  INFO    [25/458] OK 1200237@alumno.um.edu.mx
11:14:03  INFO    [26/458] OK 1200454@alumno.um.edu.mx
11:14:05  INFO    [27/458] OK 1070358@alumno.um.edu.mx
11:14:06  INFO    [28/458] OK 1200239@alumno.um.edu.mx
11:14:07  INFO    [29/458] OK 1121058@alumno.um.edu.mx
11:14:08  INFO    [30/458] OK 1190670@alumno.um.edu.mx
11:14:09  INFO    [31/458] OK 1110674@alumno.um.edu.mx
11:14:10  INFO    [32/458] OK 1190007@alumno.um.edu.mx
11:14:11  INFO    [33/458] OK 1190602@alumno.um.edu.mx
11:14:13  INFO    [34/458] OK 1190450@alumno.um.edu.mx
11:14:14  INFO    [35/458] OK 1190431@alumno.um.edu.mx
11:14:15  INFO    [36/458] OK 1190487@alumno.um.edu.mx
11:14:16  INFO    [37/458] OK 1190403@alumno.um.edu.mx
11:14:17  INFO    [38/458] OK 1160746@alumno.um.edu.mx
11:14:18  INFO    [39/458] OK 1150704@alumno.um.edu.mx
11:14:19  INFO    [40/458] OK 1180449@alumno.um.edu.mx
11:14:20  INFO    [41/458] OK 1160299@alumno.um.edu.mx
11:14:21  INFO    [42/458] OK 1160365@alumno.um.edu.mx
11:14:23  INFO    [43/458] OK 1170223@alumno.um.edu.mx
11:14:24  INFO    [44/458] OK 1220019@alumno.um.edu.mx
11:14:25  INFO    [45/458] OK 1230201@alumno.um.edu.mx
11:14:26  INFO    [46/458] OK 1230210@alumno.um.edu.mx
11:14:27  INFO    [47/458] OK 1240149@alumno.um.edu.mx
11:14:28  INFO    [48/458] OK 1230595@alumno.um.edu.mx
11:14:29  INFO    [49/458] OK 1230739@alumno.um.edu.mx
11:14:31  INFO    [50/458] OK 1240130@alumno.um.edu.mx
11:14:32  INFO    [51/458] OK 1210075@alumno.um.edu.mx
11:14:33  INFO    [52/458] OK 1240364@alumno.um.edu.mx
11:14:34  INFO    [53/458] OK 1250191@alumno.um.edu.mx
11:14:35  INFO    [54/458] OK 1210130@alumno.um.edu.mx
11:14:36  INFO    [55/458] OK 1230248@alumno.um.edu.mx
11:14:37  INFO    [56/458] OK 1210095@alumno.um.edu.mx
11:14:38  INFO    [57/458] OK 1220041@alumno.um.edu.mx
11:14:39  INFO    [58/458] OK 1080430@alumno.um.edu.mx
11:14:41  INFO    [59/458] OK 1220633@alumno.um.edu.mx
11:14:42  INFO    [60/458] OK 1230149@alumno.um.edu.mx
11:14:43  INFO    [61/458] OK 1190171@alumno.um.edu.mx
11:14:44  INFO    [62/458] OK 1200543@alumno.um.edu.mx
11:14:45  INFO    [63/458] OK 1250186@alumno.um.edu.mx
11:14:46  INFO    [64/458] OK 1130399@alumno.um.edu.mx
11:14:47  INFO    [65/458] OK 1240477@alumno.um.edu.mx
11:14:48  INFO    [66/458] OK 1240409@alumno.um.edu.mx
11:14:49  INFO    [67/458] OK 1060976@alumno.um.edu.mx
11:14:51  INFO    [68/458] OK 1160255@alumno.um.edu.mx
11:14:52  INFO    [69/458] OK 1200702@alumno.um.edu.mx
11:14:53  INFO    [70/458] OK 1250306@alumno.um.edu.mx
11:14:54  INFO    [71/458] OK 1240137@alumno.um.edu.mx
11:14:55  INFO    [72/458] OK 1200676@alumno.um.edu.mx
11:14:56  INFO    [73/458] OK 1240597@alumno.um.edu.mx
11:14:57  INFO    [74/458] OK 1230669@alumno.um.edu.mx
11:14:59  INFO    [75/458] OK 1230093@alumno.um.edu.mx
11:15:00  INFO    [76/458] OK 1120804@alumno.um.edu.mx
11:15:01  INFO    [77/458] OK 1180031@alumno.um.edu.mx
11:15:02  INFO    [78/458] OK 1250457@alumno.um.edu.mx
11:15:03  INFO    [79/458] OK 1230487@alumno.um.edu.mx
11:15:04  INFO    [80/458] OK 1220326@alumno.um.edu.mx
11:15:05  INFO    Reconectando SMTP (correo #81)...
11:15:07  INFO    [81/458] OK 1230693@alumno.um.edu.mx
11:15:08  INFO    [82/458] OK 1230663@alumno.um.edu.mx
11:15:09  INFO    [83/458] OK 1240593@alumno.um.edu.mx
11:15:10  INFO    [84/458] OK 1210097@alumno.um.edu.mx
11:15:11  INFO    [85/458] OK 1220211@alumno.um.edu.mx
11:15:12  INFO    [86/458] OK 1250406@alumno.um.edu.mx
11:15:13  INFO    [87/458] OK 1180873@alumno.um.edu.mx
11:15:15  INFO    [88/458] OK 1230308@alumno.um.edu.mx
11:15:16  INFO    [89/458] OK 1180703@alumno.um.edu.mx
11:15:17  INFO    [90/458] OK 1240702@alumno.um.edu.mx
11:15:18  INFO    [91/458] OK 1220646@alumno.um.edu.mx
11:15:19  INFO    [92/458] OK 1210432@alumno.um.edu.mx
11:15:20  INFO    [93/458] OK 1220324@alumno.um.edu.mx
11:15:21  INFO    [94/458] OK 1230486@alumno.um.edu.mx
11:15:22  INFO    [95/458] OK 1250295@alumno.um.edu.mx
11:15:23  INFO    [96/458] OK 1210342@alumno.um.edu.mx
11:15:25  INFO    [97/458] OK 1190203@alumno.um.edu.mx
11:15:26  INFO    [98/458] OK 1230112@alumno.um.edu.mx
11:15:27  INFO    [99/458] OK 1220237@alumno.um.edu.mx
11:15:28  INFO    [100/458] OK 1180592@alumno.um.edu.mx
11:15:29  INFO    [101/458] OK 1250336@alumno.um.edu.mx
11:15:30  INFO    [102/458] OK 1250612@alumno.um.edu.mx
11:15:31  INFO    [103/458] OK 1250190@alumno.um.edu.mx
11:15:33  INFO    [104/458] OK 1250294@alumno.um.edu.mx
11:15:34  INFO    [105/458] OK 1220254@alumno.um.edu.mx
11:15:35  INFO    [106/458] OK 1230642@alumno.um.edu.mx
11:15:36  INFO    [107/458] OK 1230202@alumno.um.edu.mx
11:15:37  INFO    [108/458] OK 1230494@alumno.um.edu.mx
11:15:38  INFO    [109/458] OK 1220135@alumno.um.edu.mx
11:15:39  INFO    [110/458] OK 1220228@alumno.um.edu.mx
11:15:40  INFO    [111/458] OK 1180989@alumno.um.edu.mx
11:15:42  INFO    [112/458] OK 1240380@alumno.um.edu.mx
11:15:43  INFO    [113/458] OK 1200439@alumno.um.edu.mx
11:15:44  INFO    [114/458] OK 1220200@alumno.um.edu.mx
11:15:45  INFO    [115/458] OK 1220217@alumno.um.edu.mx
11:15:46  INFO    [116/458] OK 1200659@alumno.um.edu.mx
11:15:47  INFO    [117/458] OK 1140400@alumno.um.edu.mx
11:15:48  INFO    [118/458] OK 1210286@alumno.um.edu.mx
11:15:49  INFO    [119/458] OK 1210157@alumno.um.edu.mx
11:15:50  INFO    [120/458] OK 1230624@alumno.um.edu.mx
11:15:52  INFO    [121/458] OK 1110636@alumno.um.edu.mx
11:15:53  INFO    [122/458] OK 1250441@alumno.um.edu.mx
11:15:54  INFO    [123/458] OK 1210404@alumno.um.edu.mx
11:15:55  INFO    [124/458] OK 1230775@alumno.um.edu.mx
11:15:56  INFO    [125/458] OK 1250157@alumno.um.edu.mx
11:15:57  INFO    [126/458] OK 1250214@alumno.um.edu.mx
11:15:58  INFO    [127/458] OK 1180570@alumno.um.edu.mx
11:15:59  INFO    [128/458] OK 1200228@alumno.um.edu.mx
11:16:01  INFO    [129/458] OK 1220386@alumno.um.edu.mx
11:16:02  INFO    [130/458] OK 1170685@alumno.um.edu.mx
11:16:03  INFO    [131/458] OK 1240147@alumno.um.edu.mx
11:16:04  INFO    [132/458] OK 1181016@alumno.um.edu.mx
11:16:05  INFO    [133/458] OK 1250403@alumno.um.edu.mx
11:16:06  INFO    [134/458] OK 1220308@alumno.um.edu.mx
11:16:07  INFO    [135/458] OK 1170050@alumno.um.edu.mx
11:16:08  INFO    [136/458] OK 1180370@alumno.um.edu.mx
11:16:09  INFO    [137/458] OK 1190031@alumno.um.edu.mx
11:16:11  INFO    [138/458] OK 1190434@alumno.um.edu.mx
11:16:12  INFO    [139/458] OK 1200235@alumno.um.edu.mx
11:16:13  INFO    [140/458] OK 1250189@alumno.um.edu.mx
11:16:14  INFO    [141/458] OK 1220368@alumno.um.edu.mx
11:16:15  INFO    [142/458] OK 1180686@alumno.um.edu.mx
11:16:16  INFO    [143/458] OK 1240454@alumno.um.edu.mx
11:16:17  INFO    [144/458] OK 1190405@alumno.um.edu.mx
11:16:18  INFO    [145/458] OK 1210127@alumno.um.edu.mx
11:16:20  INFO    [146/458] OK 1240162@alumno.um.edu.mx
11:16:21  INFO    [147/458] OK 1220160@alumno.um.edu.mx
11:16:22  INFO    [148/458] OK 1230479@alumno.um.edu.mx
11:16:23  INFO    [149/458] OK 1220268@alumno.um.edu.mx
11:16:24  INFO    [150/458] OK 1230125@alumno.um.edu.mx
11:16:25  INFO    [151/458] OK 1210284@alumno.um.edu.mx
11:16:27  INFO    [152/458] OK 1250562@alumno.um.edu.mx
11:16:28  INFO    [153/458] OK 1210184@alumno.um.edu.mx
11:16:29  INFO    [154/458] OK 1250255@alumno.um.edu.mx
11:16:30  INFO    [155/458] OK 1250335@alumno.um.edu.mx
11:16:31  INFO    [156/458] OK 1240125@alumno.um.edu.mx
11:16:32  INFO    [157/458] OK 1200450@alumno.um.edu.mx
11:16:33  INFO    [158/458] OK 1190422@alumno.um.edu.mx
11:16:35  INFO    [159/458] OK 1200365@alumno.um.edu.mx
11:16:36  INFO    [160/458] OK 1190416@alumno.um.edu.mx
11:16:37  INFO    Reconectando SMTP (correo #161)...
11:16:38  INFO    [161/458] OK 1200201@alumno.um.edu.mx
11:16:40  INFO    [162/458] OK 1200312@alumno.um.edu.mx
11:16:41  INFO    [163/458] OK 1190394@alumno.um.edu.mx
11:16:42  INFO    [164/458] OK 1110008@alumno.um.edu.mx
11:16:43  INFO    [165/458] OK 1190396@alumno.um.edu.mx
11:16:44  INFO    [166/458] OK 1180734@alumno.um.edu.mx
11:16:45  INFO    [167/458] OK 1200364@alumno.um.edu.mx
11:16:46  INFO    [168/458] OK 1180771@alumno.um.edu.mx
11:16:47  INFO    [169/458] OK 1190424@alumno.um.edu.mx
11:16:49  INFO    [170/458] OK 1180376@alumno.um.edu.mx
11:16:50  INFO    [171/458] OK 1170530@alumno.um.edu.mx
11:16:51  INFO    [172/458] OK 1170517@alumno.um.edu.mx
11:16:52  INFO    [173/458] OK 1180401@alumno.um.edu.mx
11:16:53  INFO    [174/458] OK 1190368@alumno.um.edu.mx
11:16:54  INFO    [175/458] OK 1190508@alumno.um.edu.mx
11:16:56  INFO    [176/458] OK 1190397@alumno.um.edu.mx
11:16:57  INFO    [177/458] OK 1170008@alumno.um.edu.mx
11:16:58  INFO    [178/458] OK 1190478@alumno.um.edu.mx
11:16:59  INFO    [179/458] OK 1190554@alumno.um.edu.mx
11:17:00  INFO    [180/458] OK 1190463@alumno.um.edu.mx
11:17:01  INFO    [181/458] OK 1180330@alumno.um.edu.mx
11:17:02  INFO    [182/458] OK 1170201@alumno.um.edu.mx
11:17:03  INFO    [183/458] OK 1140758@alumno.um.edu.mx
11:17:04  INFO    [184/458] OK 1230551@alumno.um.edu.mx
11:17:06  INFO    [185/458] OK 1180685@alumno.um.edu.mx
11:17:07  INFO    [186/458] OK 1230638@alumno.um.edu.mx
11:17:08  INFO    [187/458] OK 1220269@alumno.um.edu.mx
11:17:09  INFO    [188/458] OK 1230219@alumno.um.edu.mx
11:17:10  INFO    [189/458] OK 1210405@alumno.um.edu.mx
11:17:11  INFO    [190/458] OK 1220583@alumno.um.edu.mx
11:17:12  INFO    [191/458] OK 1250405@alumno.um.edu.mx
11:17:13  INFO    [192/458] OK 1210306@alumno.um.edu.mx
11:17:15  INFO    [193/458] OK 1200311@alumno.um.edu.mx
11:17:16  INFO    [194/458] OK 1180836@alumno.um.edu.mx
11:17:17  INFO    [195/458] OK 1240053@alumno.um.edu.mx
11:17:18  INFO    [196/458] OK 1150661@alumno.um.edu.mx
11:17:19  INFO    [197/458] OK 1170568@alumno.um.edu.mx
11:17:20  INFO    [198/458] OK 1190492@alumno.um.edu.mx
11:17:21  INFO    [199/458] OK 1190477@alumno.um.edu.mx
11:17:23  INFO    [200/458] OK 1190479@alumno.um.edu.mx
11:17:24  INFO    [201/458] OK 1190420@alumno.um.edu.mx
11:17:25  INFO    [202/458] OK 1180152@alumno.um.edu.mx
11:17:26  INFO    [203/458] OK 1180725@alumno.um.edu.mx
11:17:27  INFO    [204/458] OK 1160708@alumno.um.edu.mx
11:17:28  INFO    [205/458] OK 1160331@alumno.um.edu.mx
11:17:29  INFO    [206/458] OK 1240450@alumno.um.edu.mx
11:17:30  INFO    [207/458] OK 1240357@alumno.um.edu.mx
11:17:32  INFO    [208/458] OK 1220205@alumno.um.edu.mx
11:17:33  INFO    [209/458] OK 1230120@alumno.um.edu.mx
11:17:34  INFO    [210/458] OK 1230485@alumno.um.edu.mx
11:17:35  INFO    [211/458] OK 1230489@alumno.um.edu.mx
11:17:36  INFO    [212/458] OK 1220467@alumno.um.edu.mx
11:17:37  INFO    [213/458] OK 1240594@alumno.um.edu.mx
11:17:38  INFO    [214/458] OK 1190625@alumno.um.edu.mx
11:17:39  INFO    [215/458] OK 1230188@alumno.um.edu.mx
11:17:41  INFO    [216/458] OK 1180637@alumno.um.edu.mx
11:17:42  INFO    [217/458] OK 1210668@alumno.um.edu.mx
11:17:43  INFO    [218/458] OK 1220252@alumno.um.edu.mx
11:17:44  INFO    [219/458] OK 1200506@alumno.um.edu.mx
11:17:45  INFO    [220/458] OK 1220292@alumno.um.edu.mx
11:17:46  INFO    [221/458] OK 1200318@alumno.um.edu.mx
11:17:47  INFO    [222/458] OK 1250419@alumno.um.edu.mx
11:17:48  INFO    [223/458] OK 1220251@alumno.um.edu.mx
11:17:50  INFO    [224/458] OK 1210096@alumno.um.edu.mx
11:17:51  INFO    [225/458] OK 1240538@alumno.um.edu.mx
11:17:52  INFO    [226/458] OK 1180554@alumno.um.edu.mx
11:17:53  INFO    [227/458] OK 1220139@alumno.um.edu.mx
11:17:54  INFO    [228/458] OK 1220389@alumno.um.edu.mx
11:17:55  INFO    [229/458] OK 1230355@alumno.um.edu.mx
11:17:56  INFO    [230/458] OK 1220201@alumno.um.edu.mx
11:17:58  INFO    [231/458] OK 1210201@alumno.um.edu.mx
11:17:59  INFO    [232/458] OK 1220025@alumno.um.edu.mx
11:18:00  INFO    [233/458] OK 1240398@alumno.um.edu.mx
11:18:01  INFO    [234/458] OK 1180701@alumno.um.edu.mx
11:18:02  INFO    [235/458] OK 1220184@alumno.um.edu.mx
11:18:03  INFO    [236/458] OK 1220533@alumno.um.edu.mx
11:18:04  INFO    [237/458] OK 1220725@alumno.um.edu.mx
11:18:05  INFO    [238/458] OK 1220764@alumno.um.edu.mx
11:18:06  INFO    [239/458] OK 1190713@alumno.um.edu.mx
11:18:08  INFO    [240/458] OK 1230289@alumno.um.edu.mx
11:18:08  INFO    Reconectando SMTP (correo #241)...
11:18:10  INFO    [241/458] OK 1200316@alumno.um.edu.mx
11:18:11  INFO    [242/458] OK 1230334@alumno.um.edu.mx
11:18:12  INFO    [243/458] OK 1220551@alumno.um.edu.mx
11:18:14  INFO    [244/458] OK 1240549@alumno.um.edu.mx
11:18:15  INFO    [245/458] OK 1210094@alumno.um.edu.mx
11:18:16  INFO    [246/458] OK 1230493@alumno.um.edu.mx
11:18:17  INFO    [247/458] OK 1250551@alumno.um.edu.mx
11:18:18  INFO    [248/458] OK 1230254@alumno.um.edu.mx
11:18:19  INFO    [249/458] OK 1210468@alumno.um.edu.mx
11:18:20  INFO    [250/458] OK 1240067@alumno.um.edu.mx
11:18:22  INFO    [251/458] OK 1200507@alumno.um.edu.mx
11:18:23  INFO    [252/458] OK 1210490@alumno.um.edu.mx
11:18:24  INFO    [253/458] OK 1230320@alumno.um.edu.mx
11:18:25  INFO    [254/458] OK 1220147@alumno.um.edu.mx
11:18:26  INFO    [255/458] OK 1180104@alumno.um.edu.mx
11:18:27  INFO    [256/458] OK 1230743@alumno.um.edu.mx
11:18:28  INFO    [257/458] OK 1210386@alumno.um.edu.mx
11:18:29  INFO    [258/458] OK 1220148@alumno.um.edu.mx
11:18:31  INFO    [259/458] OK 1150592@alumno.um.edu.mx
11:18:32  INFO    [260/458] OK 1250297@alumno.um.edu.mx
11:18:33  INFO    [261/458] OK 1250288@alumno.um.edu.mx
11:18:34  INFO    [262/458] OK 1160611@alumno.um.edu.mx
11:18:35  INFO    [263/458] OK 1220567@alumno.um.edu.mx
11:18:36  INFO    [264/458] OK 1250363@alumno.um.edu.mx
11:18:37  INFO    [265/458] OK 1200359@alumno.um.edu.mx
11:18:38  INFO    [266/458] OK 1190503@alumno.um.edu.mx
11:18:39  INFO    [267/458] OK 1140764@alumno.um.edu.mx
11:18:41  INFO    [268/458] OK 1240146@alumno.um.edu.mx
11:18:42  INFO    [269/458] OK 1240006@alumno.um.edu.mx
11:18:43  INFO    [270/458] OK 1210580@alumno.um.edu.mx
11:18:44  INFO    [271/458] OK 1250353@alumno.um.edu.mx
11:18:45  INFO    [272/458] OK 1210225@alumno.um.edu.mx
11:18:46  INFO    [273/458] OK 1210520@alumno.um.edu.mx
11:18:47  INFO    [274/458] OK 1250537@alumno.um.edu.mx
11:18:48  INFO    [275/458] OK 1240135@alumno.um.edu.mx
11:18:50  INFO    [276/458] OK 1160134@alumno.um.edu.mx
11:18:51  INFO    [277/458] OK 1210625@alumno.um.edu.mx
11:18:52  INFO    [278/458] OK 1240188@alumno.um.edu.mx
11:18:53  INFO    [279/458] OK 1210570@alumno.um.edu.mx
11:18:54  INFO    [280/458] OK 1230129@alumno.um.edu.mx
11:18:56  INFO    [281/458] OK 1220202@alumno.um.edu.mx
11:18:57  INFO    [282/458] OK 1230224@alumno.um.edu.mx
11:18:58  INFO    [283/458] OK 1250539@alumno.um.edu.mx
11:18:59  INFO    [284/458] OK 1250536@alumno.um.edu.mx
11:19:00  INFO    [285/458] OK 1240133@alumno.um.edu.mx
11:19:01  INFO    [286/458] OK 1180905@alumno.um.edu.mx
11:19:02  INFO    [287/458] OK 1250074@alumno.um.edu.mx
11:19:03  INFO    [288/458] OK 1230380@alumno.um.edu.mx
11:19:05  INFO    [289/458] OK 1220574@alumno.um.edu.mx
11:19:06  INFO    [290/458] OK 1120134@alumno.um.edu.mx
11:19:07  INFO    [291/458] OK 1180499@alumno.um.edu.mx
11:19:08  INFO    [292/458] OK 1230625@alumno.um.edu.mx
11:19:09  INFO    [293/458] OK 1240528@alumno.um.edu.mx
11:19:10  INFO    [294/458] OK 1220523@alumno.um.edu.mx
11:19:11  INFO    [295/458] OK 1230283@alumno.um.edu.mx
11:19:13  INFO    [296/458] OK 1200459@alumno.um.edu.mx
11:19:14  INFO    [297/458] OK 1220635@alumno.um.edu.mx
11:19:15  INFO    [298/458] OK 1230290@alumno.um.edu.mx
11:19:16  INFO    [299/458] OK 1210561@alumno.um.edu.mx
11:19:17  INFO    [300/458] OK 1230422@alumno.um.edu.mx
11:19:18  INFO    [301/458] OK 1250188@alumno.um.edu.mx
11:19:19  INFO    [302/458] OK 1220182@alumno.um.edu.mx
11:19:20  INFO    [303/458] OK 1230114@alumno.um.edu.mx
11:19:21  INFO    [304/458] OK 1210203@alumno.um.edu.mx
11:19:23  INFO    [305/458] OK 1250456@alumno.um.edu.mx
11:19:24  INFO    [306/458] OK 1220103@alumno.um.edu.mx
11:19:25  INFO    [307/458] OK 1210326@alumno.um.edu.mx
11:19:26  INFO    [308/458] OK 1160696@alumno.um.edu.mx
11:19:27  INFO    [309/458] OK 1200576@alumno.um.edu.mx
11:19:28  INFO    [310/458] OK 1200416@alumno.um.edu.mx
11:19:29  INFO    [311/458] OK 1200302@alumno.um.edu.mx
11:19:30  INFO    [312/458] OK 1170897@alumno.um.edu.mx
11:19:32  INFO    [313/458] OK 1200371@alumno.um.edu.mx
11:19:33  INFO    [314/458] OK 1200008@alumno.um.edu.mx
11:19:34  INFO    [315/458] OK 1200303@alumno.um.edu.mx
11:19:35  INFO    [316/458] OK 1180859@alumno.um.edu.mx
11:19:36  INFO    [317/458] OK 1130381@alumno.um.edu.mx
11:19:37  INFO    [318/458] OK 1210400@alumno.um.edu.mx
11:19:38  INFO    [319/458] OK 1230244@alumno.um.edu.mx
11:19:39  INFO    [320/458] OK 1220396@alumno.um.edu.mx
11:19:40  INFO    Reconectando SMTP (correo #321)...
11:19:42  INFO    [321/458] OK 1230584@alumno.um.edu.mx
11:19:43  INFO    [322/458] OK 1220683@alumno.um.edu.mx
11:19:44  INFO    [323/458] OK 1210346@alumno.um.edu.mx
11:19:45  INFO    [324/458] OK 1230262@alumno.um.edu.mx
11:19:46  INFO    [325/458] OK 1240427@alumno.um.edu.mx
11:19:47  INFO    [326/458] OK 1250382@alumno.um.edu.mx
11:19:48  INFO    [327/458] OK 1110689@alumno.um.edu.mx
11:19:50  INFO    [328/458] OK 1240088@alumno.um.edu.mx
11:19:51  INFO    [329/458] OK 1230600@alumno.um.edu.mx
11:19:52  INFO    [330/458] OK 1240527@alumno.um.edu.mx
11:19:53  INFO    [331/458] OK 1190582@alumno.um.edu.mx
11:19:54  INFO    [332/458] OK 1200407@alumno.um.edu.mx
11:19:55  INFO    [333/458] OK 1190465@alumno.um.edu.mx
11:19:57  INFO    [334/458] OK 1170084@alumno.um.edu.mx
11:19:58  INFO    [335/458] OK 1190185@alumno.um.edu.mx
11:19:59  INFO    [336/458] OK 1190501@alumno.um.edu.mx
11:20:00  INFO    [337/458] OK 1200238@alumno.um.edu.mx
11:20:01  INFO    [338/458] OK 1200313@alumno.um.edu.mx
11:20:02  INFO    [339/458] OK 1200335@alumno.um.edu.mx
11:20:03  INFO    [340/458] OK 1070053@alumno.um.edu.mx
11:20:04  INFO    [341/458] OK 1190475@alumno.um.edu.mx
11:20:05  INFO    [342/458] OK 1200641@alumno.um.edu.mx
11:20:07  INFO    [343/458] OK 1070180@alumno.um.edu.mx
11:20:08  INFO    [344/458] OK 1190173@alumno.um.edu.mx
11:20:09  INFO    [345/458] OK 1180403@alumno.um.edu.mx
11:20:10  INFO    [346/458] OK 1180270@alumno.um.edu.mx
11:20:11  INFO    [347/458] OK 1180341@alumno.um.edu.mx
11:20:12  INFO    [348/458] OK 1160402@alumno.um.edu.mx
11:20:13  INFO    [349/458] OK 1140254@alumno.um.edu.mx
11:20:14  INFO    [350/458] OK 1160412@alumno.um.edu.mx
11:20:15  INFO    [351/458] OK 1210143@alumno.um.edu.mx
11:20:17  INFO    [352/458] OK 1240012@alumno.um.edu.mx
11:20:18  INFO    [353/458] OK 1230166@alumno.um.edu.mx
11:20:19  INFO    [354/458] OK 1210006@alumno.um.edu.mx
11:20:20  INFO    [355/458] OK 1230048@alumno.um.edu.mx
11:20:21  INFO    [356/458] OK 1220521@alumno.um.edu.mx
11:20:22  INFO    [357/458] OK 1170450@alumno.um.edu.mx
11:20:23  INFO    [358/458] OK 1220366@alumno.um.edu.mx
11:20:24  INFO    [359/458] OK 1210324@alumno.um.edu.mx
11:20:26  INFO    [360/458] OK 1220505@alumno.um.edu.mx
11:20:27  INFO    [361/458] OK 1210093@alumno.um.edu.mx
11:20:28  INFO    [362/458] OK 1210519@alumno.um.edu.mx
11:20:29  INFO    [363/458] OK 1230540@alumno.um.edu.mx
11:20:30  INFO    [364/458] OK 1210403@alumno.um.edu.mx
11:20:31  INFO    [365/458] OK 1220207@alumno.um.edu.mx
11:20:32  INFO    [366/458] OK 1200422@alumno.um.edu.mx
11:20:33  INFO    [367/458] OK 1200504@alumno.um.edu.mx
11:20:35  INFO    [368/458] OK 1180765@alumno.um.edu.mx
11:20:36  INFO    [369/458] OK 1230221@alumno.um.edu.mx
11:20:37  INFO    [370/458] OK 1210215@alumno.um.edu.mx
11:20:38  INFO    [371/458] OK 1210383@alumno.um.edu.mx
11:20:39  INFO    [372/458] OK 1240071@alumno.um.edu.mx
11:20:40  INFO    [373/458] OK 1250178@alumno.um.edu.mx
11:20:42  INFO    [374/458] OK 1240144@alumno.um.edu.mx
11:20:43  INFO    [375/458] OK 1150703@alumno.um.edu.mx
11:20:44  INFO    [376/458] OK 1240298@alumno.um.edu.mx
11:20:45  INFO    [377/458] OK 1200405@alumno.um.edu.mx
11:20:46  INFO    [378/458] OK 1220242@alumno.um.edu.mx
11:20:47  INFO    [379/458] OK 1200304@alumno.um.edu.mx
11:20:49  INFO    [380/458] OK 1210200@alumno.um.edu.mx
11:20:50  INFO    [381/458] OK 1230250@alumno.um.edu.mx
11:20:51  INFO    [382/458] OK 1240019@alumno.um.edu.mx
11:20:52  INFO    [383/458] OK 1250611@alumno.um.edu.mx
11:20:53  INFO    [384/458] OK 1220487@alumno.um.edu.mx
11:20:54  INFO    [385/458] OK 1220062@alumno.um.edu.mx
11:20:55  INFO    [386/458] OK 1230635@alumno.um.edu.mx
11:20:57  INFO    [387/458] OK 1180802@alumno.um.edu.mx
11:20:58  INFO    [388/458] OK 1200334@alumno.um.edu.mx
11:20:59  INFO    [389/458] OK 1220319@alumno.um.edu.mx
11:21:00  INFO    [390/458] OK 1110727@alumno.um.edu.mx
11:21:01  INFO    [391/458] OK 1210162@alumno.um.edu.mx
11:21:02  INFO    [392/458] OK 1130100@alumno.um.edu.mx
11:21:03  INFO    [393/458] OK 1240356@alumno.um.edu.mx
11:21:04  INFO    [394/458] OK 1180398@alumno.um.edu.mx
11:21:06  INFO    [395/458] OK 1220643@alumno.um.edu.mx
11:21:07  INFO    [396/458] OK 1230116@alumno.um.edu.mx
11:21:08  INFO    [397/458] OK 1181011@alumno.um.edu.mx
11:21:09  INFO    [398/458] OK 1210466@alumno.um.edu.mx
11:21:10  INFO    [399/458] OK 1210445@alumno.um.edu.mx
11:21:12  INFO    [400/458] OK 1250541@alumno.um.edu.mx
11:21:12  INFO    Reconectando SMTP (correo #401)...
11:21:14  INFO    [401/458] OK 1230231@alumno.um.edu.mx
11:21:15  INFO    [402/458] OK 1240580@alumno.um.edu.mx
11:21:16  INFO    [403/458] OK 1230040@alumno.um.edu.mx
11:21:17  INFO    [404/458] OK 1210430@alumno.um.edu.mx
11:21:19  INFO    [405/458] OK 1160900@alumno.um.edu.mx
11:21:20  INFO    [406/458] OK 1220869@alumno.um.edu.mx
11:21:21  INFO    [407/458] OK 1220387@alumno.um.edu.mx
11:21:22  INFO    [408/458] OK 1220534@alumno.um.edu.mx
11:21:23  INFO    [409/458] OK 1230336@alumno.um.edu.mx
11:21:25  INFO    [410/458] OK 1230691@alumno.um.edu.mx
11:21:26  INFO    [411/458] OK 1210535@alumno.um.edu.mx
11:21:27  INFO    [412/458] OK 1230560@alumno.um.edu.mx
11:21:28  INFO    [413/458] OK 1240205@alumno.um.edu.mx
11:21:29  INFO    [414/458] OK 1240175@alumno.um.edu.mx
11:21:31  INFO    [415/458] OK 1190644@alumno.um.edu.mx
11:21:32  INFO    [416/458] OK 1240113@alumno.um.edu.mx
11:21:33  INFO    [417/458] OK 1250181@alumno.um.edu.mx
11:21:34  INFO    [418/458] OK 1170049@alumno.um.edu.mx
11:21:35  INFO    [419/458] OK 1230322@alumno.um.edu.mx
11:21:36  INFO    [420/458] OK 1160802@alumno.um.edu.mx
11:21:37  INFO    [421/458] OK 1240358@alumno.um.edu.mx
11:21:38  INFO    [422/458] OK 1210357@alumno.um.edu.mx
11:21:39  INFO    [423/458] OK 1230660@alumno.um.edu.mx
11:21:41  INFO    [424/458] OK 1220073@alumno.um.edu.mx
11:21:42  INFO    [425/458] OK 1240209@alumno.um.edu.mx
11:21:43  INFO    [426/458] OK 1200397@alumno.um.edu.mx
11:21:44  INFO    [427/458] OK 1220566@alumno.um.edu.mx
11:21:45  INFO    [428/458] OK 1200347@alumno.um.edu.mx
11:21:46  INFO    [429/458] OK 1250284@alumno.um.edu.mx
11:21:47  INFO    [430/458] OK 1240426@alumno.um.edu.mx
11:21:48  INFO    [431/458] OK 1220840@alumno.um.edu.mx
11:21:49  INFO    [432/458] OK 1220128@alumno.um.edu.mx
11:21:51  INFO    [433/458] OK 1210574@alumno.um.edu.mx
11:21:52  INFO    [434/458] OK 1210500@alumno.um.edu.mx
11:21:53  INFO    [435/458] OK 1220548@alumno.um.edu.mx
11:21:54  INFO    [436/458] OK 1210387@alumno.um.edu.mx
11:21:55  INFO    [437/458] OK 1220189@alumno.um.edu.mx
11:21:56  INFO    [438/458] OK 1250130@alumno.um.edu.mx
11:21:57  INFO    [439/458] OK 1230199@alumno.um.edu.mx
11:21:58  INFO    [440/458] OK 1230570@alumno.um.edu.mx
11:22:00  INFO    [441/458] OK 1240677@alumno.um.edu.mx
11:22:01  INFO    [442/458] OK 1220451@alumno.um.edu.mx
11:22:02  INFO    [443/458] OK 1181032@alumno.um.edu.mx
11:22:03  INFO    [444/458] OK 1200032@alumno.um.edu.mx
11:22:04  INFO    [445/458] OK 1210210@alumno.um.edu.mx
11:22:05  INFO    [446/458] OK 1190751@alumno.um.edu.mx
11:22:06  INFO    [447/458] OK 1220511@alumno.um.edu.mx
11:22:08  INFO    [448/458] OK 1240271@alumno.um.edu.mx
11:22:09  INFO    [449/458] OK 1250147@alumno.um.edu.mx
11:22:10  INFO    [450/458] OK 1250176@alumno.um.edu.mx
11:22:11  INFO    [451/458] OK 1140681@alumno.um.edu.mx
11:22:12  INFO    [452/458] OK 1230763@alumno.um.edu.mx
11:22:13  INFO    [453/458] OK 1210355@alumno.um.edu.mx
11:22:15  INFO    [454/458] OK 1210389@alumno.um.edu.mx
11:22:16  INFO    [455/458] OK 1210109@alumno.um.edu.mx
11:22:17  INFO    [456/458] OK 1180354@alumno.um.edu.mx
11:22:18  INFO    [457/458] OK 1240103@alumno.um.edu.mx
11:22:19  INFO    [458/458] OK 1210370@alumno.um.edu.mx
11:22:20  INFO    --------------------------------------------------
11:22:20  INFO    Enviados totales en esta lista: 458
11:22:20  INFO    Fallidos totales en esta lista: 0
